<html>
<body>
<pre>
<h1>µVision Build Log</h1>
<h2>Project:</h2>
C:\RC_CODE\baseflight\baseflight.uvproj
Project File Date:  04/06/2012

<h2>Output:</h2>
Rebuild target 'STM32-Release'
compiling cli.c...
compiling config.c...
compiling imu.c...
compiling main.c...
compiling mixer.c...
compiling mw.c...
compiling sensors.c...
compiling serial.c...
compiling gps.c...
compiling spektrum.c...
compiling drv_adc.c...
compiling drv_adxl345.c...
compiling drv_bmp085.c...
compiling drv_hmc5883l.c...
compiling drv_i2c.c...
compiling drv_mpu3050.c...
compiling drv_pwm.c...
compiling drv_system.c...
compiling drv_uart.c...
compiling drv_ledring.c...
compiling drv_mpu6050.c...
compiling core_cm3.c...
compiling system_stm32f10x.c...
compiling misc.c...
compiling stm32f10x_adc.c...
compiling stm32f10x_dma.c...
compiling stm32f10x_exti.c...
compiling stm32f10x_i2c.c...
compiling stm32f10x_rcc.c...
compiling stm32f10x_tim.c...
compiling stm32f10x_usart.c...
compiling stm32f10x_gpio.c...
compiling stm32f10x_flash.c...
assembling startup_stm32f10x_md.s...
linking...
Program Size: Code=37608 RO-data=2572 RW-data=808 ZI-data=5272  
FromELF: creating hex file...
".\obj\baseflight.axf" - 0 Error(s), 0 Warning(s).
Load "C:\\RC_CODE\\baseflight\\obj\\baseflight.AXF" 
* JLink Info: Device "STM32F103C8" selected (64 KB flash, 20 KB RAM).
Set JLink Project File to "C:\RC_CODE\baseflight\JLinkSettings.ini"
 
JLink info:
------------
DLL: V4.36l, compiled Dec  2 2011 18:52:36
Firmware: J-Link ARM V8 compiled Feb  8 2012 14:30:39
Hardware: V8.00
S/N : 20100214 
Feature(s) : RDI,FlashDL,FlashBP,JFlash,GDBFull 
 
**JLink Warning: RESET (pin 15) high, but should be low. Please check target hardware.
***JLink Error: Supply voltage too low (1 Volt is required, Measured: 0.0 Volt).
Please check target power.
Load "C:\\RC_CODE\\baseflight\\obj\\baseflight.AXF" 
* JLink Info: Device "STM32F103C8" selected (64 KB flash, 20 KB RAM).
Set JLink Project File to "C:\RC_CODE\baseflight\JLinkSettings.ini"
 
JLink info:
------------
DLL: V4.36l, compiled Dec  2 2011 18:52:36
Firmware: J-Link ARM V8 compiled Feb  8 2012 14:30:39
Hardware: V8.00
S/N : 20100214 
Feature(s) : RDI,FlashDL,FlashBP,JFlash,GDBFull 
 
* JLink Info: Found SWD-DP with ID 0x1BA01477
* JLink Info: TPIU fitted.
* JLink Info:   FPUnit: 6 code (BP) slots and 2 literal slots
* JLink Info: Found Cortex-M3 r1p1, Little endian.
ROMTableAddr = 0xE00FF003
* JLink Info: Found SWD-DP with ID 0x1BA01477
* JLink Info: TPIU fitted.
* JLink Info:   FPUnit: 6 code (BP) slots and 2 literal slots
* JLink Info: Found Cortex-M3 r1p1, Little endian.
 
Target info:
------------
Device: STM32F103C8
VTarget = 3.190V
State of Pins: 
TCK: 0, TDI: 0, TDO: 0, TMS: 0, TRES: 1, TRST: 1
Hardware-Breakpoints: 6
Software-Breakpoints: 8192
Watchpoints:          4
JTAG speed: 4000 kHz
 
Erase Done.
Programming Done.
