ARM Linker, 4.1 [Build 894] [Standard]

==============================================================================

Section Cross References

    cli.o(.text) refers to strlen.o(.text) for strlen
    cli.o(.text) refers to strncasecmp.o(.text) for strncasecmp
    cli.o(.text) refers to drv_uart.o(.text) for uartPrint
    cli.o(.text) refers to config.o(.text) for checkFirstTime
    cli.o(.text) refers to drv_system.o(.text) for delay
    cli.o(.text) refers to memseta.o(.text) for __aeabi_memclr
    cli.o(.text) refers to toupper.o(.text) for toupper
    cli.o(.text) refers to strchr.o(.text) for strchr
    cli.o(.text) refers to strstr.o(.text) for strstr
    cli.o(.text) refers to atoi.o(.text) for atoi
    cli.o(.text) refers to cli.o(.bss) for .bss
    cli.o(.text) refers to cli.o(.data) for .data
    cli.o(.text) refers to serial.o(.data) for cliMode
    cli.o(.text) refers to cli.o(.constdata) for .constdata
    cli.o(.text) refers to config.o(.constdata) for rcChannelLetters
    cli.o(.text) refers to config.o(.bss) for cfg
    cli.o(.text) refers to drv_i2c.o(.text) for i2cGetErrorCounter
    cli.o(.text) refers to bsearch.o(.text) for bsearch
    cli.o(.text) refers to mw.o(.data) for vbat
    cli.o(.text) refers to mw.o(.data) for batteryCellCount
    cli.o(.constdata) refers to cli.o(.conststring) for .conststring
    cli.o(.constdata) refers to cli.o(.text) for cliDefaults
    cli.o(.constdata) refers to config.o(.bss) for cfg
    cli.o(.data) refers to cli.o(.conststring) for .conststring
    config.o(.text) refers to strchr.o(.text) for strchr
    config.o(.text) refers to memcpya.o(.text) for __aeabi_memcpy4
    config.o(.text) refers to stm32f10x_flash.o(.text) for FLASH_Unlock
    config.o(.text) refers to mw.o(.text) for blinkLED
    config.o(.text) refers to config.o(.constdata) for .constdata
    config.o(.text) refers to config.o(.bss) for .bss
    config.o(.text) refers to mw.o(.bss) for lookupRX
    config.o(.text) refers to config.o(.data) for .data
    imu.o(.text) refers to ffltui.o(.text) for __aeabi_ui2f
    imu.o(.text) refers to fmul.o(.text) for __aeabi_fmul
    imu.o(.text) refers to ffixi.o(.text) for __aeabi_f2iz
    imu.o(.text) refers to config.o(.text) for sensors
    imu.o(.text) refers to sensors.o(.text) for Mag_init
    imu.o(.text) refers to atan2f.o(i.atan2f) for atan2f
    imu.o(.text) refers to f2d.o(.text) for __aeabi_f2d
    imu.o(.text) refers to dmul.o(.text) for __aeabi_dmul
    imu.o(.text) refers to dfixi.o(.text) for __aeabi_d2iz
    imu.o(.text) refers to fadd.o(.text) for __aeabi_fadd
    imu.o(.text) refers to drv_system.o(.text) for micros
    imu.o(.text) refers to dfltui.o(.text) for __aeabi_ui2d
    imu.o(.text) refers to d2f.o(.text) for __aeabi_d2f
    imu.o(.text) refers to fflti.o(.text) for __aeabi_i2f
    imu.o(.text) refers to mw.o(.text) for annexCode
    imu.o(.text) refers to sensors.o(.data) for acc_1G
    imu.o(.text) refers to imu.o(.data) for .data
    imu.o(.text) refers to config.o(.bss) for cfg
    imu.o(.text) refers to imu.o(.bss) for .bss
    imu.o(.text) refers to sensors.o(.data) for heading
    imu.o(.text) refers to mw.o(.data) for annex650_overrun_count
    imu.o(.text) refers to mw.o(.data) for currentTime
    main.o(.text) refers to drv_pwm.o(.text) for pwmGetNumOutputChannels
    main.o(.text) refers to drv_system.o(.text) for delay
    main.o(.text) refers to config.o(.text) for readEEPROM
    main.o(.text) refers to serial.o(.text) for serialInit
    main.o(.text) refers to mixer.o(.text) for mixerInit
    main.o(.text) refers to sensors.o(.text) for sensorsAutodetect
    main.o(.text) refers to imu.o(.text) for imuInit
    main.o(.text) refers to spektrum.o(.text) for spektrumInit
    main.o(.text) refers to gps.o(.text) for gpsInit
    main.o(.text) refers to mw.o(.text) for loop
    main.o(.text) refers to mixer.o(.data) for useServo
    main.o(.text) refers to config.o(.bss) for cfg
    main.o(.text) refers to mw.o(.data) for rcReadRawFunc
    main.o(.text) refers to sensors.o(.data) for calibratingG
    mixer.o(.text) refers to config.o(.text) for feature
    mixer.o(.text) refers to drv_pwm.o(.text) for pwmWrite
    mixer.o(.text) refers to config.o(.bss) for cfg
    mixer.o(.text) refers to mixer.o(.data) for .data
    mixer.o(.text) refers to mixer.o(.bss) for .bss
    mixer.o(.text) refers to mw.o(.data) for axisPID
    mixer.o(.text) refers to drv_system.o(.text) for millis
    mixer.o(.text) refers to imu.o(.data) for angle
    mixer.o(.text) refers to mw.o(.bss) for rcOptions
    mw.o(.text) refers to drv_system.o(.text) for delay
    mw.o(.text) refers to dflti.o(.text) for __aeabi_i2d
    mw.o(.text) refers to dmul.o(.text) for __aeabi_dmul
    mw.o(.text) refers to ddiv.o(.text) for __aeabi_ddiv
    mw.o(.text) refers to d2f.o(.text) for __aeabi_d2f
    mw.o(.text) refers to cosf.o(i.cosf) for cosf
    mw.o(.text) refers to sinf.o(i.sinf) for sinf
[...]
    spekTimeInterval                         0x2000023c   Data           4  spektrum.o(.data)
    .data                                    0x20000240   Section        2  drv_adc.o(.data)
    adc1Ch4Value                             0x20000240   Data           2  drv_adc.o(.data)
    .data                                    0x20000242   Section        6  drv_adxl345.o(.data)
    buf                                      0x20000242   Data           6  drv_adxl345.o(.data)
    .data                                    0x20000248   Section        8  drv_bmp085.o(.data)
    convDone                                 0x20000248   Data           1  drv_bmp085.o(.data)
    bmp085InitDone                           0x20000249   Data           1  drv_bmp085.o(.data)
    p_bmp085                                 0x2000024c   Data           4  drv_bmp085.o(.data)
    .data                                    0x20000250   Section       24  drv_i2c.o(.data)
    subaddress_sent                          0x20000250   Data           1  drv_i2c.o(.data)
    final_stop                               0x20000251   Data           1  drv_i2c.o(.data)
    index                                    0x20000252   Data           1  drv_i2c.o(.data)
    busy                                     0x20000253   Data           1  drv_i2c.o(.data)
    addr                                     0x20000254   Data           1  drv_i2c.o(.data)
    reg                                      0x20000255   Data           1  drv_i2c.o(.data)
    bytes                                    0x20000256   Data           1  drv_i2c.o(.data)
    writing                                  0x20000257   Data           1  drv_i2c.o(.data)
    reading                                  0x20000258   Data           1  drv_i2c.o(.data)
    i2cErrorCount                            0x2000025a   Data           2  drv_i2c.o(.data)
    I2Cx                                     0x2000025c   Data           4  drv_i2c.o(.data)
    write_p                                  0x20000260   Data           4  drv_i2c.o(.data)
    read_p                                   0x20000264   Data           4  drv_i2c.o(.data)
    .data                                    0x20000268   Section        1  drv_mpu3050.o(.data)
    mpuLowPassFilter                         0x20000268   Data           1  drv_mpu3050.o(.data)
    .data                                    0x2000026c   Section      112  drv_pwm.o(.data)
    usePPMFlag                               0x2000026c   Data           1  drv_pwm.o(.data)
    numOutputChannels                        0x2000026d   Data           1  drv_pwm.o(.data)
    rcActive                                 0x2000026e   Data           1  drv_pwm.o(.data)
    chan                                     0x2000026f   Data           1  drv_pwm.o(.data)
    now                                      0x20000270   Data           2  drv_pwm.o(.data)
    last                                     0x20000272   Data           2  drv_pwm.o(.data)
    Channels                                 0x20000274   Data          64  drv_pwm.o(.data)
    OutputChannels                           0x200002b4   Data          40  drv_pwm.o(.data)
    .data                                    0x200002dc   Section       12  drv_system.o(.data)
    usTicks                                  0x200002dc   Data           4  drv_system.o(.data)
    sysTickUptime                            0x200002e0   Data           4  drv_system.o(.data)
    sysTickCycleCounter                      0x200002e4   Data           4  drv_system.o(.data)
    .data                                    0x200002e8   Section       16  drv_uart.o(.data)
    .data                                    0x200002f8   Section        1  drv_ledring.o(.data)
    state                                    0x200002f8   Data           1  drv_ledring.o(.data)
    .data                                    0x200002fc   Section       20  system_stm32f10x.o(.data)
    .data                                    0x20000310   Section       20  stm32f10x_rcc.o(.data)
    ADCPrescTable                            0x20000310   Data           4  stm32f10x_rcc.o(.data)
    APBAHBPrescTable                         0x20000314   Data          16  stm32f10x_rcc.o(.data)
    .data                                    0x20000324   Section        4  errno.o(.data)
    _errno                                   0x20000324   Data           4  errno.o(.data)
    .bss                                     0x20000328   Section       32  cli.o(.bss)
    cliBuffer                                0x20000328   Data          32  cli.o(.bss)
    .bss                                     0x20000348   Section      152  config.o(.bss)
    .bss                                     0x200003e0   Section      104  imu.o(.bss)
    EstG                                     0x200003e0   Data          12  imu.o(.bss)
    EstM                                     0x200003ec   Data          12  imu.o(.bss)
    BaroHistTab                              0x200003f8   Data          80  imu.o(.bss)
    .bss                                     0x20000448   Section       16  mixer.o(.bss)
    .bss                                     0x20000458   Section      121  mw.o(.bss)
    vbatRawArray                             0x20000458   Data          16  mw.o(.bss)
    rcData4Values                            0x20000468   Data          64  mw.o(.bss)
    rcDataMean                               0x200004a8   Data          16  mw.o(.bss)
    .bss                                     0x200004d4   Section       60  sensors.o(.bss)
    a                                        0x200004d4   Data          12  sensors.o(.bss)
    b                                        0x200004e0   Data          12  sensors.o(.bss)
    g                                        0x200004ec   Data          12  sensors.o(.bss)
    .bss                                     0x20000510   Section       15  gps.o(.bss)
    string                                   0x20000510   Data          15  gps.o(.bss)
    .bss                                     0x20000520   Section       44  spektrum.o(.bss)
    spekChannelData                          0x20000520   Data          28  spektrum.o(.bss)
    .bss                                     0x2000054c   Section       40  drv_bmp085.o(.bss)
    bmp085                                   0x2000054c   Data          40  drv_bmp085.o(.bss)
    .bss                                     0x20000574   Section       74  drv_pwm.o(.bss)
    Inputs                                   0x20000574   Data          64  drv_pwm.o(.bss)
    TIM_ICInitStructure                      0x200005b4   Data          10  drv_pwm.o(.bss)
    .bss                                     0x200005be   Section      512  drv_uart.o(.bss)
    STACK                                    0x200007c0   Section     4096  startup_stm32f10x_md.o(STACK)

    Global Symbols

    Symbol Name                              Value     Ov Type        Size  Object(Section)

    BuildAttributes$$THM_ISAv4$P$D$K$B$S$PE$A:L22UL41UL21$X:L11$S22US41US21$IEEE1$IW$USESV6$~STKCKD$USESV7$~SHL$OTIME$ROPI$IEEEX$EBA8$MICROLIB$REQ8$PRES8$EABIv2 0x00000000   Number         0  anon$$obj.o ABSOLUTE
    __ARM_use_no_argv                        0x00000000   Number         0  main.o ABSOLUTE
    _clock_init                               - Undefined Weak Reference
    __Vectors_Size                           0x000000ec   Number         0  startup_stm32f10x_md.o ABSOLUTE
    __Vectors                                0x08000000   Data           4  startup_stm32f10x_md.o(RESET)
    __Vectors_End                            0x080000ec   Data           0  startup_stm32f10x_md.o(RESET)
    __main                                   0x080000ed   Thumb Code     0  entry.o(.ARM.Collect$$$$00000000)
    _main_stk                                0x080000ed   Thumb Code     0  entry2.o(.ARM.Collect$$$$00000001)
    _main_scatterload                        0x080000f1   Thumb Code     0  entry5.o(.ARM.Collect$$$$00000004)
    __main_after_scatterload                 0x080000f5   Thumb Code     0  entry5.o(.ARM.Collect$$$$00000004)
    _main_clock                              0x080000f5   Thumb Code     0  entry7b.o(.ARM.Collect$$$$00000008)
    _main_init                               0x080000f5   Thumb Code     0  entry8.o(.ARM.Collect$$$$00000009)
    itoa                                     0x08000125   Thumb Code    40  cli.o(.text)
    cliProcess                               0x080007ed   Thumb Code   426  cli.o(.text)
    parseRcChannels                          0x08000b15   Thumb Code    44  config.o(.text)
    readEEPROM                               0x08000b41   Thumb Code   140  config.o(.text)
    writeParams                              0x08000bcd   Thumb Code    68  config.o(.text)
    featureSet                               0x08000c11   Thumb Code    10  config.o(.text)
    featureClearAll                          0x08000c1b   Thumb Code     8  config.o(.text)
    checkFirstTime                           0x08000c23   Thumb Code   316  config.o(.text)
    sensors                                  0x08000d5f   Thumb Code    16  config.o(.text)
    sensorsSet                               0x08000d6f   Thumb Code    10  config.o(.text)
    sensorsClear                             0x08000d79   Thumb Code    10  config.o(.text)
    sensorsMask                              0x08000d83   Thumb Code     6  config.o(.text)
    feature                                  0x08000d89   Thumb Code    16  config.o(.text)
    featureClear                             0x08000d99   Thumb Code    10  config.o(.text)
    featureMask                              0x08000da3   Thumb Code     6  config.o(.text)
    imuInit                                  0x08000dcd   Thumb Code    44  imu.o(.text)
    rotateV                                  0x08000e13   Thumb Code   116  imu.o(.text)
    computeIMU                               0x0800106f   Thumb Code   308  imu.o(.text)
    getEstimatedAltitude                     0x080011a3   Thumb Code   324  imu.o(.text)
    throttleCalibration                      0x080012f1   Thumb Code    96  main.o(.text)
    main                                     0x08001351   Thumb Code   290  main.o(.text)
    mixerInit                                0x08001499   Thumb Code   104  mixer.o(.text)
    writeServos                              0x08001501   Thumb Code    66  mixer.o(.text)
    writeMotors                              0x08001543   Thumb Code    48  mixer.o(.text)
    writeAllMotors                           0x08001573   Thumb Code    24  mixer.o(.text)
    mixTable                                 0x0800158b   Thumb Code  1752  mixer.o(.text)
    blinkLED                                 0x08001c85   Thumb Code    84  mw.o(.text)
    annexCode                                0x08001cd9   Thumb Code   862  mw.o(.text)
    pwmReadRawRC                             0x08002037   Thumb Code    40  mw.o(.text)
    computeRC                                0x0800205f   Thumb Code   210  mw.o(.text)
    loop                                     0x08002131   Thumb Code  2404  mw.o(.text)
    sensorsAutodetect                        0x08002aa1   Thumb Code   158  sensors.o(.text)
    batteryAdcToVoltage                      0x08002b3f   Thumb Code    48  sensors.o(.text)
    batteryInit                              0x08002b6f   Thumb Code    74  sensors.o(.text)
    ACC_getADC                               0x08002d3b   Thumb Code    22  sensors.o(.text)
    Baro_update                              0x08002d51   Thumb Code   166  sensors.o(.text)
    Gyro_getADC                              0x08002f27   Thumb Code    22  sensors.o(.text)
    Mag_init                                 0x08002f5b   Thumb Code   116  sensors.o(.text)
    Mag_getADC                               0x08002fcf   Thumb Code   296  sensors.o(.text)
    serialize16                              0x08003125   Thumb Code    22  serial.o(.text)
    serialize8                               0x0800313b   Thumb Code     4  serial.o(.text)
    serialInit                               0x0800313f   Thumb Code     4  serial.o(.text)
    serialCom                                0x08003143   Thumb Code  1218  serial.o(.text)
    gpsInit                                  0x08003959   Thumb Code    18  gps.o(.text)
    spektrumInit                             0x08003a23   Thumb Code    34  spektrum.o(.text)
    spektrumFrameComplete                    0x08003a45   Thumb Code     6  spektrum.o(.text)
    spektrumReadRawRC                        0x08003a4b   Thumb Code   130  spektrum.o(.text)
    adcInit                                  0x08003ae1   Thumb Code   170  drv_adc.o(.text)
    adcGetBattery                            0x08003b8b   Thumb Code     6  drv_adc.o(.text)
    adxl345Detect                            0x08003c03   Thumb Code    52  drv_adxl345.o(.text)
    EXTI15_10_IRQHandler                     0x08003c4d   Thumb Code    30  drv_bmp085.o(.text)
    bmp085Init                               0x08003cdd   Thumb Code   212  drv_bmp085.o(.text)
    bmp085_get_ut                            0x08003db1   Thumb Code    48  drv_bmp085.o(.text)
    bmp085_get_temperature                   0x08003de1   Thumb Code    52  drv_bmp085.o(.text)
    bmp085_start_ut                          0x08003e15   Thumb Code    18  drv_bmp085.o(.text)
    bmp085_read_temperature                  0x08003e27   Thumb Code    28  drv_bmp085.o(.text)
    bmp085_get_up                            0x08003e43   Thumb Code    74  drv_bmp085.o(.text)
    bmp085_get_pressure                      0x08003e8d   Thumb Code   146  drv_bmp085.o(.text)
    bmp085_start_up                          0x08003f1f   Thumb Code    26  drv_bmp085.o(.text)
    bmp085_read_pressure                     0x08003f39   Thumb Code    28  drv_bmp085.o(.text)
    hmc5883lDetect                           0x08003f61   Thumb Code    38  drv_hmc5883l.o(.text)
    hmc5883lInit                             0x08003f87   Thumb Code    48  drv_hmc5883l.o(.text)
    hmc5883lFinishCal                        0x08003fb7   Thumb Code    36  drv_hmc5883l.o(.text)
    hmc5883lRead                             0x08003fdb   Thumb Code    42  drv_hmc5883l.o(.text)
    i2cInit                                  0x08004005   Thumb Code   162  drv_i2c.o(.text)
    I2C1_ER_IRQHandler                       0x0800410f   Thumb Code     2  drv_i2c.o(.text)
    I2C1_EV_IRQHandler                       0x08004331   Thumb Code     2  drv_i2c.o(.text)
    I2C2_ER_IRQHandler                       0x08004333   Thumb Code     2  drv_i2c.o(.text)
    I2C2_EV_IRQHandler                       0x08004335   Thumb Code     2  drv_i2c.o(.text)
    i2cWriteBuffer                           0x08004337   Thumb Code   128  drv_i2c.o(.text)
    i2cWrite                                 0x080043b7   Thumb Code    12  drv_i2c.o(.text)
    i2cRead                                  0x080043c3   Thumb Code   116  drv_i2c.o(.text)
    i2cGetErrorCounter                       0x08004437   Thumb Code     6  drv_i2c.o(.text)
    mpu3050Detect                            0x080045af   Thumb Code    40  drv_mpu3050.o(.text)
    mpu3050Config                            0x080045d7   Thumb Code    70  drv_mpu3050.o(.text)
    TIM2_IRQHandler                          0x080046f5   Thumb Code    18  drv_pwm.o(.text)
    TIM3_IRQHandler                          0x08004707   Thumb Code     4  drv_pwm.o(.text)
    pwmInit                                  0x0800487f   Thumb Code   450  drv_pwm.o(.text)
    pwmWrite                                 0x08004a41   Thumb Code    56  drv_pwm.o(.text)
    pwmRead                                  0x08004a79   Thumb Code    10  drv_pwm.o(.text)
    pwmGetNumOutputChannels                  0x08004a83   Thumb Code     6  drv_pwm.o(.text)
    SysTick_Handler                          0x08004afd   Thumb Code    16  drv_system.o(.text)
    micros                                   0x08004b0d   Thumb Code    36  drv_system.o(.text)
    millis                                   0x08004b31   Thumb Code     6  drv_system.o(.text)
    delayMicroseconds                        0x08004b37   Thumb Code    44  drv_system.o(.text)
    delay                                    0x08004b63   Thumb Code    22  drv_system.o(.text)
    systemInit                               0x08004b79   Thumb Code   320  drv_system.o(.text)
    failureMode                              0x08004cb9   Thumb Code    70  drv_system.o(.text)
    systemReset                              0x08004cff   Thumb Code    18  drv_system.o(.text)
    DMA1_Channel4_IRQHandler                 0x08004d73   Thumb Code    38  drv_uart.o(.text)
    uartInit                                 0x08004d99   Thumb Code   276  drv_uart.o(.text)
    uartAvailable                            0x08004ead   Thumb Code    26  drv_uart.o(.text)
    uartTransmitEmpty                        0x08004ec7   Thumb Code    18  drv_uart.o(.text)
    uartRead                                 0x08004ed9   Thumb Code    26  drv_uart.o(.text)
    uartReadPoll                             0x08004ef3   Thumb Code    16  drv_uart.o(.text)
    uartWrite                                0x08004f03   Thumb Code    26  drv_uart.o(.text)
    uartPrint                                0x08004f1d   Thumb Code    20  drv_uart.o(.text)
    uart2Init                                0x08004f31   Thumb Code   124  drv_uart.o(.text)
    USART2_IRQHandler                        0x08004fad   Thumb Code    42  drv_uart.o(.text)
    ledringDetect                            0x08004ff5   Thumb Code    20  drv_ledring.o(.text)
    ledringState                             0x08005009   Thumb Code   194  drv_ledring.o(.text)
    ledringBlink                             0x080050cb   Thumb Code    32  drv_ledring.o(.text)
    mpu6050Detect                            0x08005201   Thumb Code    68  drv_mpu6050.o(.text)
    mpu6050DmpLoop                           0x08005245   Thumb Code     2  drv_mpu6050.o(.text)
    SystemInit                               0x08005265   Thumb Code    64  system_stm32f10x.o(.text)
    SystemCoreClockUpdate                    0x080052a5   Thumb Code    86  system_stm32f10x.o(.text)
    NVIC_PriorityGroupConfig                 0x080053a5   Thumb Code    10  misc.o(.text)
    NVIC_Init                                0x080053af   Thumb Code    90  misc.o(.text)
    NVIC_SetVectorTable                      0x08005409   Thumb Code    14  misc.o(.text)
    NVIC_SystemLPConfig                      0x08005417   Thumb Code    20  misc.o(.text)
    SysTick_CLKSourceConfig                  0x0800542b   Thumb Code    24  misc.o(.text)
    ADC_DeInit                               0x08005455   Thumb Code    56  stm32f10x_adc.o(.text)
    ADC_Init                                 0x0800548d   Thumb Code    62  stm32f10x_adc.o(.text)
    ADC_StructInit                           0x080054cb   Thumb Code    18  stm32f10x_adc.o(.text)
    ADC_Cmd                                  0x080054dd   Thumb Code    20  stm32f10x_adc.o(.text)
    ADC_DMACmd                               0x080054f1   Thumb Code    20  stm32f10x_adc.o(.text)
    ADC_ITConfig                             0x08005505   Thumb Code    18  stm32f10x_adc.o(.text)
    ADC_ResetCalibration                     0x08005517   Thumb Code    10  stm32f10x_adc.o(.text)
    ADC_GetResetCalibrationStatus            0x08005521   Thumb Code    14  stm32f10x_adc.o(.text)
    ADC_StartCalibration                     0x0800552f   Thumb Code    10  stm32f10x_adc.o(.text)
    ADC_GetCalibrationStatus                 0x08005539   Thumb Code    14  stm32f10x_adc.o(.text)
    ADC_SoftwareStartConvCmd                 0x08005547   Thumb Code    20  stm32f10x_adc.o(.text)
    ADC_GetSoftwareStartConvStatus           0x0800555b   Thumb Code    14  stm32f10x_adc.o(.text)
    ADC_DiscModeChannelCountConfig           0x08005569   Thumb Code    16  stm32f10x_adc.o(.text)
    ADC_DiscModeCmd                          0x08005579   Thumb Code    20  stm32f10x_adc.o(.text)
    ADC_RegularChannelConfig                 0x0800558d   Thumb Code   116  stm32f10x_adc.o(.text)
    ADC_ExternalTrigConvCmd                  0x08005601   Thumb Code    20  stm32f10x_adc.o(.text)
    ADC_GetConversionValue                   0x08005615   Thumb Code     6  stm32f10x_adc.o(.text)
    ADC_GetDualModeConversionValue           0x0800561b   Thumb Code     8  stm32f10x_adc.o(.text)
    ADC_AutoInjectedConvCmd                  0x08005623   Thumb Code    20  stm32f10x_adc.o(.text)
    ADC_InjectedDiscModeCmd                  0x08005637   Thumb Code    20  stm32f10x_adc.o(.text)
    ADC_ExternalTrigInjectedConvConfig       0x0800564b   Thumb Code    12  stm32f10x_adc.o(.text)
    ADC_ExternalTrigInjectedConvCmd          0x08005657   Thumb Code    20  stm32f10x_adc.o(.text)
    ADC_SoftwareStartInjectedConvCmd         0x0800566b   Thumb Code    20  stm32f10x_adc.o(.text)
    ADC_GetSoftwareStartInjectedConvCmdStatus 0x0800567f   Thumb Code    14  stm32f10x_adc.o(.text)
    ADC_InjectedChannelConfig                0x0800568d   Thumb Code    74  stm32f10x_adc.o(.text)
    ADC_InjectedSequencerLengthConfig        0x080056d7   Thumb Code    16  stm32f10x_adc.o(.text)
    ADC_SetInjectedOffset                    0x080056e7   Thumb Code     4  stm32f10x_adc.o(.text)
    ADC_GetInjectedConversionValue           0x080056eb   Thumb Code     8  stm32f10x_adc.o(.text)
    ADC_AnalogWatchdogCmd                    0x080056f3   Thumb Code    12  stm32f10x_adc.o(.text)
    ADC_AnalogWatchdogThresholdsConfig       0x080056ff   Thumb Code     6  stm32f10x_adc.o(.text)
    ADC_AnalogWatchdogSingleChannelConfig    0x08005705   Thumb Code    12  stm32f10x_adc.o(.text)
    ADC_TempSensorVrefintCmd                 0x08005711   Thumb Code    24  stm32f10x_adc.o(.text)
    ADC_GetFlagStatus                        0x08005729   Thumb Code    14  stm32f10x_adc.o(.text)
    ADC_ClearFlag                            0x08005737   Thumb Code     6  stm32f10x_adc.o(.text)
    ADC_GetITStatus                          0x0800573d   Thumb Code    26  stm32f10x_adc.o(.text)
    ADC_ClearITPendingBit                    0x08005757   Thumb Code     8  stm32f10x_adc.o(.text)
    DMA_DeInit                               0x08005779   Thumb Code   218  stm32f10x_dma.o(.text)
    DMA_Init                                 0x08005853   Thumb Code    58  stm32f10x_dma.o(.text)
    DMA_StructInit                           0x0800588d   Thumb Code    26  stm32f10x_dma.o(.text)
    DMA_Cmd                                  0x080058a7   Thumb Code    22  stm32f10x_dma.o(.text)
    DMA_ITConfig                             0x080058bd   Thumb Code    16  stm32f10x_dma.o(.text)
    DMA_SetCurrDataCounter                   0x080058cd   Thumb Code     4  stm32f10x_dma.o(.text)
    DMA_GetCurrDataCounter                   0x080058d1   Thumb Code     6  stm32f10x_dma.o(.text)
    DMA_GetFlagStatus                        0x080058d7   Thumb Code    28  stm32f10x_dma.o(.text)
    DMA_ClearFlag                            0x080058f3   Thumb Code    20  stm32f10x_dma.o(.text)
    DMA_GetITStatus                          0x08005907   Thumb Code    28  stm32f10x_dma.o(.text)
    DMA_ClearITPendingBit                    0x08005923   Thumb Code    20  stm32f10x_dma.o(.text)
    EXTI_DeInit                              0x08005941   Thumb Code    28  stm32f10x_exti.o(.text)
    EXTI_Init                                0x0800595d   Thumb Code   108  stm32f10x_exti.o(.text)
    EXTI_StructInit                          0x080059c9   Thumb Code    14  stm32f10x_exti.o(.text)
    EXTI_GenerateSWInterrupt                 0x080059d7   Thumb Code    12  stm32f10x_exti.o(.text)
    EXTI_GetFlagStatus                       0x080059e3   Thumb Code    18  stm32f10x_exti.o(.text)
    EXTI_ClearFlag                           0x080059f5   Thumb Code     8  stm32f10x_exti.o(.text)
    EXTI_GetITStatus                         0x080059fd   Thumb Code    28  stm32f10x_exti.o(.text)
    EXTI_ClearITPendingBit                   0x08005a19   Thumb Code     8  stm32f10x_exti.o(.text)
    I2C_DeInit                               0x08005a29   Thumb Code    38  stm32f10x_i2c.o(.text)
    I2C_Init                                 0x08005a4f   Thumb Code   176  stm32f10x_i2c.o(.text)
    I2C_StructInit                           0x08005aff   Thumb Code    28  stm32f10x_i2c.o(.text)
    I2C_Cmd                                  0x08005b1b   Thumb Code    20  stm32f10x_i2c.o(.text)
    I2C_DMACmd                               0x08005b2f   Thumb Code    20  stm32f10x_i2c.o(.text)
    I2C_DMALastTransferCmd                   0x08005b43   Thumb Code    20  stm32f10x_i2c.o(.text)
    I2C_GenerateSTART                        0x08005b57   Thumb Code    20  stm32f10x_i2c.o(.text)
    I2C_GenerateSTOP                         0x08005b6b   Thumb Code    20  stm32f10x_i2c.o(.text)
    I2C_AcknowledgeConfig                    0x08005b7f   Thumb Code    20  stm32f10x_i2c.o(.text)
    I2C_OwnAddress2Config                    0x08005b93   Thumb Code    16  stm32f10x_i2c.o(.text)
    I2C_DualAddressCmd                       0x08005ba3   Thumb Code    20  stm32f10x_i2c.o(.text)
    I2C_GeneralCallCmd                       0x08005bb7   Thumb Code    20  stm32f10x_i2c.o(.text)
    I2C_ITConfig                             0x08005bcb   Thumb Code    16  stm32f10x_i2c.o(.text)
    I2C_SendData                             0x08005bdb   Thumb Code     4  stm32f10x_i2c.o(.text)
    I2C_ReceiveData                          0x08005bdf   Thumb Code     6  stm32f10x_i2c.o(.text)
    I2C_Send7bitAddress                      0x08005be5   Thumb Code    16  stm32f10x_i2c.o(.text)
    I2C_ReadRegister                         0x08005bf5   Thumb Code     4  stm32f10x_i2c.o(.text)
    I2C_SoftwareResetCmd                     0x08005bf9   Thumb Code    20  stm32f10x_i2c.o(.text)
    I2C_NACKPositionConfig                   0x08005c0d   Thumb Code    22  stm32f10x_i2c.o(.text)
    I2C_SMBusAlertConfig                     0x08005c23   Thumb Code    22  stm32f10x_i2c.o(.text)
    I2C_TransmitPEC                          0x08005c39   Thumb Code    20  stm32f10x_i2c.o(.text)
    I2C_PECPositionConfig                    0x08005c4d   Thumb Code    22  stm32f10x_i2c.o(.text)
    I2C_CalculatePEC                         0x08005c63   Thumb Code    20  stm32f10x_i2c.o(.text)
    I2C_GetPEC                               0x08005c77   Thumb Code     6  stm32f10x_i2c.o(.text)
    I2C_ARPCmd                               0x08005c7d   Thumb Code    20  stm32f10x_i2c.o(.text)
    I2C_StretchClockCmd                      0x08005c91   Thumb Code    20  stm32f10x_i2c.o(.text)
    I2C_FastModeDutyCycleConfig              0x08005ca5   Thumb Code    22  stm32f10x_i2c.o(.text)
    I2C_CheckEvent                           0x08005cbb   Thumb Code    24  stm32f10x_i2c.o(.text)
    I2C_GetLastEvent                         0x08005cd3   Thumb Code    14  stm32f10x_i2c.o(.text)
    I2C_GetFlagStatus                        0x08005ce1   Thumb Code    30  stm32f10x_i2c.o(.text)
    I2C_ClearFlag                            0x08005cff   Thumb Code     6  stm32f10x_i2c.o(.text)
    I2C_GetITStatus                          0x08005d05   Thumb Code    32  stm32f10x_i2c.o(.text)
    I2C_ClearITPendingBit                    0x08005d25   Thumb Code     6  stm32f10x_i2c.o(.text)
    RCC_DeInit                               0x08005d39   Thumb Code    50  stm32f10x_rcc.o(.text)
    RCC_HSEConfig                            0x08005d6b   Thumb Code    48  stm32f10x_rcc.o(.text)
    RCC_GetFlagStatus                        0x08005d9b   Thumb Code    42  stm32f10x_rcc.o(.text)
    RCC_WaitForHSEStartUp                    0x08005dc5   Thumb Code    38  stm32f10x_rcc.o(.text)
    RCC_AdjustHSICalibrationValue            0x08005deb   Thumb Code    16  stm32f10x_rcc.o(.text)
    RCC_HSICmd                               0x08005dfb   Thumb Code     6  stm32f10x_rcc.o(.text)
    RCC_PLLConfig                            0x08005e01   Thumb Code    16  stm32f10x_rcc.o(.text)
    RCC_PLLCmd                               0x08005e11   Thumb Code     6  stm32f10x_rcc.o(.text)
    RCC_SYSCLKConfig                         0x08005e17   Thumb Code    14  stm32f10x_rcc.o(.text)
    RCC_GetSYSCLKSource                      0x08005e25   Thumb Code    10  stm32f10x_rcc.o(.text)
    RCC_HCLKConfig                           0x08005e2f   Thumb Code    14  stm32f10x_rcc.o(.text)
    RCC_PCLK1Config                          0x08005e3d   Thumb Code    14  stm32f10x_rcc.o(.text)
    RCC_PCLK2Config                          0x08005e4b   Thumb Code    16  stm32f10x_rcc.o(.text)
    RCC_ITConfig                             0x08005e5b   Thumb Code    18  stm32f10x_rcc.o(.text)
    RCC_USBCLKConfig                         0x08005e6d   Thumb Code     6  stm32f10x_rcc.o(.text)
    RCC_ADCCLKConfig                         0x08005e73   Thumb Code    14  stm32f10x_rcc.o(.text)
    RCC_LSEConfig                            0x08005e81   Thumb Code    26  stm32f10x_rcc.o(.text)
    RCC_LSICmd                               0x08005e9b   Thumb Code     6  stm32f10x_rcc.o(.text)
    RCC_RTCCLKConfig                         0x08005ea1   Thumb Code    10  stm32f10x_rcc.o(.text)
    RCC_RTCCLKCmd                            0x08005eab   Thumb Code     8  stm32f10x_rcc.o(.text)
    RCC_GetClocksFreq                        0x08005eb3   Thumb Code   138  stm32f10x_rcc.o(.text)
    RCC_AHBPeriphClockCmd                    0x08005f3d   Thumb Code    18  stm32f10x_rcc.o(.text)
    RCC_APB2PeriphClockCmd                   0x08005f4f   Thumb Code    18  stm32f10x_rcc.o(.text)
    RCC_APB1PeriphClockCmd                   0x08005f61   Thumb Code    18  stm32f10x_rcc.o(.text)
    RCC_APB2PeriphResetCmd                   0x08005f73   Thumb Code    18  stm32f10x_rcc.o(.text)
    RCC_APB1PeriphResetCmd                   0x08005f85   Thumb Code    18  stm32f10x_rcc.o(.text)
    RCC_BackupResetCmd                       0x08005f97   Thumb Code     8  stm32f10x_rcc.o(.text)
    RCC_ClockSecuritySystemCmd               0x08005f9f   Thumb Code     6  stm32f10x_rcc.o(.text)
    RCC_MCOConfig                            0x08005fa5   Thumb Code     6  stm32f10x_rcc.o(.text)
    RCC_ClearFlag                            0x08005fab   Thumb Code    12  stm32f10x_rcc.o(.text)
    RCC_GetITStatus                          0x08005fb7   Thumb Code    16  stm32f10x_rcc.o(.text)
    RCC_ClearITPendingBit                    0x08005fc7   Thumb Code     6  stm32f10x_rcc.o(.text)
    TIM_DeInit                               0x08005ff5   Thumb Code   304  stm32f10x_tim.o(.text)
    TIM_TimeBaseInit                         0x08006125   Thumb Code   114  stm32f10x_tim.o(.text)
    TIM_OC1Init                              0x08006197   Thumb Code   106  stm32f10x_tim.o(.text)
    TIM_OC2Init                              0x08006201   Thumb Code   116  stm32f10x_tim.o(.text)
    TIM_OC3Init                              0x08006275   Thumb Code   112  stm32f10x_tim.o(.text)
    TIM_OC4Init                              0x080062e5   Thumb Code    86  stm32f10x_tim.o(.text)
    TIM_SetIC4Prescaler                      0x0800633b   Thumb Code    18  stm32f10x_tim.o(.text)
    TIM_SetIC3Prescaler                      0x0800634d   Thumb Code    16  stm32f10x_tim.o(.text)
    TIM_SetIC2Prescaler                      0x0800635d   Thumb Code    18  stm32f10x_tim.o(.text)
    TIM_SetIC1Prescaler                      0x08006411   Thumb Code    16  stm32f10x_tim.o(.text)
    TIM_ICInit                               0x08006475   Thumb Code   262  stm32f10x_tim.o(.text)
    TIM_PWMIConfig                           0x0800657b   Thumb Code   104  stm32f10x_tim.o(.text)
    TIM_BDTRConfig                           0x080065e3   Thumb Code    34  stm32f10x_tim.o(.text)
    TIM_TimeBaseStructInit                   0x08006605   Thumb Code    18  stm32f10x_tim.o(.text)
    TIM_OCStructInit                         0x08006617   Thumb Code    20  stm32f10x_tim.o(.text)
    TIM_ICStructInit                         0x0800662b   Thumb Code    16  stm32f10x_tim.o(.text)
    TIM_BDTRStructInit                       0x0800663b   Thumb Code    18  stm32f10x_tim.o(.text)
    TIM_Cmd                                  0x0800664d   Thumb Code    20  stm32f10x_tim.o(.text)
    TIM_CtrlPWMOutputs                       0x08006661   Thumb Code    22  stm32f10x_tim.o(.text)
    TIM_ITConfig                             0x08006677   Thumb Code    16  stm32f10x_tim.o(.text)
    TIM_GenerateEvent                        0x08006687   Thumb Code     4  stm32f10x_tim.o(.text)
    TIM_DMAConfig                            0x0800668b   Thumb Code     8  stm32f10x_tim.o(.text)
    TIM_DMACmd                               0x08006693   Thumb Code    16  stm32f10x_tim.o(.text)
    TIM_InternalClockConfig                  0x080066a3   Thumb Code    10  stm32f10x_tim.o(.text)
    TIM_SelectInputTrigger                   0x080066ad   Thumb Code    12  stm32f10x_tim.o(.text)
    TIM_ITRxExternalClockConfig              0x080066b9   Thumb Code    18  stm32f10x_tim.o(.text)
    TIM_TIxExternalClockConfig               0x080066cb   Thumb Code    44  stm32f10x_tim.o(.text)
    TIM_ETRConfig                            0x080066f7   Thumb Code    18  stm32f10x_tim.o(.text)
    TIM_ETRClockMode1Config                  0x08006709   Thumb Code    18  stm32f10x_tim.o(.text)
    TIM_ETRClockMode2Config                  0x0800671b   Thumb Code    18  stm32f10x_tim.o(.text)
    TIM_PrescalerConfig                      0x0800672d   Thumb Code     6  stm32f10x_tim.o(.text)
    TIM_CounterModeConfig                    0x08006733   Thumb Code    12  stm32f10x_tim.o(.text)
    TIM_EncoderInterfaceConfig               0x0800673f   Thumb Code    44  stm32f10x_tim.o(.text)
    TIM_ForcedOC1Config                      0x0800676b   Thumb Code    12  stm32f10x_tim.o(.text)
    TIM_ForcedOC2Config                      0x08006777   Thumb Code    14  stm32f10x_tim.o(.text)
    TIM_ForcedOC3Config                      0x08006785   Thumb Code    12  stm32f10x_tim.o(.text)
    TIM_ForcedOC4Config                      0x08006791   Thumb Code    14  stm32f10x_tim.o(.text)
    TIM_ARRPreloadConfig                     0x0800679f   Thumb Code    20  stm32f10x_tim.o(.text)
    TIM_SelectCOM                            0x080067b3   Thumb Code    20  stm32f10x_tim.o(.text)
    TIM_SelectCCDMA                          0x080067c7   Thumb Code    20  stm32f10x_tim.o(.text)
    TIM_CCPreloadControl                     0x080067db   Thumb Code    20  stm32f10x_tim.o(.text)
    TIM_OC1PreloadConfig                     0x080067ef   Thumb Code    12  stm32f10x_tim.o(.text)
    TIM_OC2PreloadConfig                     0x080067fb   Thumb Code    14  stm32f10x_tim.o(.text)
    TIM_OC3PreloadConfig                     0x08006809   Thumb Code    32  stm32f10x_tim.o(.text)
    TIM_OC4PreloadConfig                     0x08006829   Thumb Code    14  stm32f10x_tim.o(.text)
    TIM_OC1FastConfig                        0x08006837   Thumb Code    12  stm32f10x_tim.o(.text)
    TIM_OC2FastConfig                        0x08006843   Thumb Code    14  stm32f10x_tim.o(.text)
    TIM_OC3FastConfig                        0x08006851   Thumb Code    12  stm32f10x_tim.o(.text)
    TIM_OC4FastConfig                        0x0800685d   Thumb Code    14  stm32f10x_tim.o(.text)
    TIM_ClearOC1Ref                          0x0800686b   Thumb Code    12  stm32f10x_tim.o(.text)
    TIM_ClearOC2Ref                          0x08006877   Thumb Code    14  stm32f10x_tim.o(.text)
    TIM_ClearOC3Ref                          0x08006885   Thumb Code    12  stm32f10x_tim.o(.text)
    TIM_ClearOC4Ref                          0x08006891   Thumb Code    14  stm32f10x_tim.o(.text)
    TIM_OC1PolarityConfig                    0x0800689f   Thumb Code    12  stm32f10x_tim.o(.text)
    TIM_OC1NPolarityConfig                   0x080068ab   Thumb Code    12  stm32f10x_tim.o(.text)
    TIM_OC2PolarityConfig                    0x080068b7   Thumb Code    14  stm32f10x_tim.o(.text)
    TIM_OC2NPolarityConfig                   0x080068c5   Thumb Code    14  stm32f10x_tim.o(.text)
    TIM_OC3PolarityConfig                    0x080068d3   Thumb Code    14  stm32f10x_tim.o(.text)
    TIM_OC3NPolarityConfig                   0x080068e1   Thumb Code    14  stm32f10x_tim.o(.text)
    TIM_OC4PolarityConfig                    0x080068ef   Thumb Code    14  stm32f10x_tim.o(.text)
    TIM_CCxCmd                               0x080068fd   Thumb Code    22  stm32f10x_tim.o(.text)
    TIM_CCxNCmd                              0x08006913   Thumb Code    22  stm32f10x_tim.o(.text)
    TIM_SelectOCxM                           0x08006929   Thumb Code    66  stm32f10x_tim.o(.text)
    TIM_UpdateDisableConfig                  0x0800696b   Thumb Code    20  stm32f10x_tim.o(.text)
    TIM_UpdateRequestConfig                  0x0800697f   Thumb Code    20  stm32f10x_tim.o(.text)
    TIM_SelectHallSensor                     0x08006993   Thumb Code    20  stm32f10x_tim.o(.text)
    TIM_SelectOnePulseMode                   0x080069a7   Thumb Code    16  stm32f10x_tim.o(.text)
    TIM_SelectOutputTrigger                  0x080069b7   Thumb Code    16  stm32f10x_tim.o(.text)
    TIM_SelectSlaveMode                      0x080069c7   Thumb Code    16  stm32f10x_tim.o(.text)
    TIM_SelectMasterSlaveMode                0x080069d7   Thumb Code    16  stm32f10x_tim.o(.text)
    TIM_SetCounter                           0x080069e7   Thumb Code     4  stm32f10x_tim.o(.text)
    TIM_SetAutoreload                        0x080069eb   Thumb Code     4  stm32f10x_tim.o(.text)
    TIM_SetCompare1                          0x080069ef   Thumb Code     4  stm32f10x_tim.o(.text)
    TIM_SetCompare2                          0x080069f3   Thumb Code     4  stm32f10x_tim.o(.text)
    TIM_SetCompare3                          0x080069f7   Thumb Code     4  stm32f10x_tim.o(.text)
    TIM_SetCompare4                          0x080069fb   Thumb Code     6  stm32f10x_tim.o(.text)
    TIM_SetClockDivision                     0x08006a01   Thumb Code    16  stm32f10x_tim.o(.text)
    TIM_GetCapture1                          0x08006a11   Thumb Code     4  stm32f10x_tim.o(.text)
    TIM_GetCapture2                          0x08006a15   Thumb Code     4  stm32f10x_tim.o(.text)
    TIM_GetCapture3                          0x08006a19   Thumb Code     4  stm32f10x_tim.o(.text)
    TIM_GetCapture4                          0x08006a1d   Thumb Code     6  stm32f10x_tim.o(.text)
    TIM_GetCounter                           0x08006a23   Thumb Code     4  stm32f10x_tim.o(.text)
    TIM_GetPrescaler                         0x08006a27   Thumb Code     4  stm32f10x_tim.o(.text)
    TIM_GetFlagStatus                        0x08006a2b   Thumb Code    14  stm32f10x_tim.o(.text)
    TIM_ClearFlag                            0x08006a39   Thumb Code     6  stm32f10x_tim.o(.text)
    TIM_GetITStatus                          0x08006a3f   Thumb Code    22  stm32f10x_tim.o(.text)
    TIM_ClearITPendingBit                    0x08006a55   Thumb Code     6  stm32f10x_tim.o(.text)
    USART_DeInit                             0x08006a5d   Thumb Code    96  stm32f10x_usart.o(.text)
    USART_Init                               0x08006abd   Thumb Code   176  stm32f10x_usart.o(.text)
    USART_StructInit                         0x08006b6d   Thumb Code    22  stm32f10x_usart.o(.text)
    USART_ClockInit                          0x08006b83   Thumb Code    30  stm32f10x_usart.o(.text)
    USART_ClockStructInit                    0x08006ba1   Thumb Code    12  stm32f10x_usart.o(.text)
    USART_Cmd                                0x08006bad   Thumb Code    20  stm32f10x_usart.o(.text)
    USART_ITConfig                           0x08006bc1   Thumb Code    48  stm32f10x_usart.o(.text)
    USART_DMACmd                             0x08006bf1   Thumb Code    16  stm32f10x_usart.o(.text)
    USART_SetAddress                         0x08006c01   Thumb Code    16  stm32f10x_usart.o(.text)
    USART_WakeUpConfig                       0x08006c11   Thumb Code    16  stm32f10x_usart.o(.text)
    USART_ReceiverWakeUpCmd                  0x08006c21   Thumb Code    20  stm32f10x_usart.o(.text)
    USART_LINBreakDetectLengthConfig         0x08006c35   Thumb Code    16  stm32f10x_usart.o(.text)
    USART_LINCmd                             0x08006c45   Thumb Code    20  stm32f10x_usart.o(.text)
    USART_SendData                           0x08006c59   Thumb Code     8  stm32f10x_usart.o(.text)
    USART_ReceiveData                        0x08006c61   Thumb Code     8  stm32f10x_usart.o(.text)
    USART_SendBreak                          0x08006c69   Thumb Code    10  stm32f10x_usart.o(.text)
    USART_SetGuardTime                       0x08006c73   Thumb Code    16  stm32f10x_usart.o(.text)
    USART_SetPrescaler                       0x08006c83   Thumb Code    16  stm32f10x_usart.o(.text)
    USART_SmartCardCmd                       0x08006c93   Thumb Code    20  stm32f10x_usart.o(.text)
    USART_SmartCardNACKCmd                   0x08006ca7   Thumb Code    20  stm32f10x_usart.o(.text)
    USART_HalfDuplexCmd                      0x08006cbb   Thumb Code    20  stm32f10x_usart.o(.text)
    USART_OverSampling8Cmd                   0x08006ccf   Thumb Code    20  stm32f10x_usart.o(.text)
    USART_OneBitMethodCmd                    0x08006ce3   Thumb Code    20  stm32f10x_usart.o(.text)
    USART_IrDAConfig                         0x08006cf7   Thumb Code    16  stm32f10x_usart.o(.text)
    USART_IrDACmd                            0x08006d07   Thumb Code    20  stm32f10x_usart.o(.text)
    USART_GetFlagStatus                      0x08006d1b   Thumb Code    14  stm32f10x_usart.o(.text)
    USART_ClearFlag                          0x08006d29   Thumb Code     6  stm32f10x_usart.o(.text)
    USART_GetITStatus                        0x08006d2f   Thumb Code    62  stm32f10x_usart.o(.text)
    USART_ClearITPendingBit                  0x08006d6d   Thumb Code    12  stm32f10x_usart.o(.text)
    GPIO_DeInit                              0x08006d8d   Thumb Code   152  stm32f10x_gpio.o(.text)
    GPIO_AFIODeInit                          0x08006e25   Thumb Code    22  stm32f10x_gpio.o(.text)
    GPIO_Init                                0x08006e3b   Thumb Code   162  stm32f10x_gpio.o(.text)
    GPIO_StructInit                          0x08006edd   Thumb Code    16  stm32f10x_gpio.o(.text)
    GPIO_ReadInputDataBit                    0x08006eed   Thumb Code    14  stm32f10x_gpio.o(.text)
    GPIO_ReadInputData                       0x08006efb   Thumb Code     6  stm32f10x_gpio.o(.text)
    GPIO_ReadOutputDataBit                   0x08006f01   Thumb Code    14  stm32f10x_gpio.o(.text)
    GPIO_ReadOutputData                      0x08006f0f   Thumb Code     6  stm32f10x_gpio.o(.text)
    GPIO_SetBits                             0x08006f15   Thumb Code     4  stm32f10x_gpio.o(.text)
    GPIO_ResetBits                           0x08006f19   Thumb Code     4  stm32f10x_gpio.o(.text)
    GPIO_WriteBit                            0x08006f1d   Thumb Code    10  stm32f10x_gpio.o(.text)
    GPIO_Write                               0x08006f27   Thumb Code     4  stm32f10x_gpio.o(.text)
    GPIO_PinLockConfig                       0x08006f2b   Thumb Code    16  stm32f10x_gpio.o(.text)
    GPIO_EventOutputConfig                   0x08006f3b   Thumb Code    22  stm32f10x_gpio.o(.text)
    GPIO_EventOutputCmd                      0x08006f51   Thumb Code     6  stm32f10x_gpio.o(.text)
    GPIO_PinRemapConfig                      0x08006f57   Thumb Code    82  stm32f10x_gpio.o(.text)
    GPIO_EXTILineConfig                      0x08006fa9   Thumb Code    34  stm32f10x_gpio.o(.text)
    GPIO_ETH_MediaInterfaceConfig            0x08006fcb   Thumb Code     6  stm32f10x_gpio.o(.text)
    FLASH_SetLatency                         0x08006ff9   Thumb Code    14  stm32f10x_flash.o(.text)
    FLASH_HalfCycleAccessCmd                 0x08007007   Thumb Code    18  stm32f10x_flash.o(.text)
    FLASH_PrefetchBufferCmd                  0x08007019   Thumb Code    18  stm32f10x_flash.o(.text)
    FLASH_Unlock                             0x0800702b   Thumb Code    12  stm32f10x_flash.o(.text)
    FLASH_UnlockBank1                        0x08007037   Thumb Code    12  stm32f10x_flash.o(.text)
    FLASH_Lock                               0x08007043   Thumb Code    12  stm32f10x_flash.o(.text)
    FLASH_LockBank1                          0x0800704f   Thumb Code    12  stm32f10x_flash.o(.text)
    FLASH_GetBank1Status                     0x0800705b   Thumb Code    34  stm32f10x_flash.o(.text)
    FLASH_WaitForLastOperation               0x0800707d   Thumb Code    36  stm32f10x_flash.o(.text)
    FLASH_ErasePage                          0x080070a1   Thumb Code    56  stm32f10x_flash.o(.text)
    FLASH_EraseAllPages                      0x080070d9   Thumb Code    52  stm32f10x_flash.o(.text)
    FLASH_WaitForLastBank1Operation          0x0800710d   Thumb Code    36  stm32f10x_flash.o(.text)
    FLASH_EraseAllBank1Pages                 0x08007131   Thumb Code    52  stm32f10x_flash.o(.text)
    FLASH_GetReadOutProtectionStatus         0x08007165   Thumb Code    14  stm32f10x_flash.o(.text)
    FLASH_EraseOptionBytes                   0x08007173   Thumb Code   108  stm32f10x_flash.o(.text)
    FLASH_ProgramWord                        0x080071df   Thumb Code    64  stm32f10x_flash.o(.text)
    FLASH_ProgramHalfWord                    0x0800721f   Thumb Code    48  stm32f10x_flash.o(.text)
    FLASH_ProgramOptionByteData              0x0800724f   Thumb Code    62  stm32f10x_flash.o(.text)
    FLASH_EnableWriteProtection              0x0800728d   Thumb Code   158  stm32f10x_flash.o(.text)
    FLASH_ReadOutProtection                  0x0800732b   Thumb Code   118  stm32f10x_flash.o(.text)
    FLASH_UserOptionByteConfig               0x080073a1   Thumb Code    92  stm32f10x_flash.o(.text)
    FLASH_GetUserOptionByte                  0x080073fd   Thumb Code     8  stm32f10x_flash.o(.text)
    FLASH_GetWriteProtectionOptionByte       0x08007405   Thumb Code     6  stm32f10x_flash.o(.text)
    FLASH_GetPrefetchBufferStatus            0x0800740b   Thumb Code    14  stm32f10x_flash.o(.text)
    FLASH_ITConfig                           0x08007419   Thumb Code    18  stm32f10x_flash.o(.text)
    FLASH_GetFlagStatus                      0x0800742b   Thumb Code    28  stm32f10x_flash.o(.text)
    FLASH_ClearFlag                          0x08007447   Thumb Code     6  stm32f10x_flash.o(.text)
    FLASH_GetStatus                          0x0800744d   Thumb Code    34  stm32f10x_flash.o(.text)
    Reset_Handler                            0x08007475   Thumb Code    20  startup_stm32f10x_md.o(.text)
    Reboot_Loader                            0x08007489   Thumb Code    44  startup_stm32f10x_md.o(.text)
    NMI_Handler                              0x080074b5   Thumb Code     2  startup_stm32f10x_md.o(.text)
    HardFault_Handler                        0x080074b7   Thumb Code     2  startup_stm32f10x_md.o(.text)
    MemManage_Handler                        0x080074b9   Thumb Code     2  startup_stm32f10x_md.o(.text)
    BusFault_Handler                         0x080074bb   Thumb Code     2  startup_stm32f10x_md.o(.text)
    UsageFault_Handler                       0x080074bd   Thumb Code     2  startup_stm32f10x_md.o(.text)
    SVC_Handler                              0x080074bf   Thumb Code     2  startup_stm32f10x_md.o(.text)
    DebugMon_Handler                         0x080074c1   Thumb Code     2  startup_stm32f10x_md.o(.text)
    PendSV_Handler                           0x080074c3   Thumb Code     2  startup_stm32f10x_md.o(.text)
    ADC1_2_IRQHandler                        0x080074c7   Thumb Code     0  startup_stm32f10x_md.o(.text)
    CAN1_RX1_IRQHandler                      0x080074c7   Thumb Code     0  startup_stm32f10x_md.o(.text)
    CAN1_SCE_IRQHandler                      0x080074c7   Thumb Code     0  startup_stm32f10x_md.o(.text)
    DMA1_Channel1_IRQHandler                 0x080074c7   Thumb Code     0  startup_stm32f10x_md.o(.text)
    DMA1_Channel2_IRQHandler                 0x080074c7   Thumb Code     0  startup_stm32f10x_md.o(.text)
    DMA1_Channel3_IRQHandler                 0x080074c7   Thumb Code     0  startup_stm32f10x_md.o(.text)
    DMA1_Channel5_IRQHandler                 0x080074c7   Thumb Code     0  startup_stm32f10x_md.o(.text)
    DMA1_Channel6_IRQHandler                 0x080074c7   Thumb Code     0  startup_stm32f10x_md.o(.text)
    DMA1_Channel7_IRQHandler                 0x080074c7   Thumb Code     0  startup_stm32f10x_md.o(.text)
    EXTI0_IRQHandler                         0x080074c7   Thumb Code     0  startup_stm32f10x_md.o(.text)
    EXTI1_IRQHandler                         0x080074c7   Thumb Code     0  startup_stm32f10x_md.o(.text)
    EXTI2_IRQHandler                         0x080074c7   Thumb Code     0  startup_stm32f10x_md.o(.text)
    EXTI3_IRQHandler                         0x080074c7   Thumb Code     0  startup_stm32f10x_md.o(.text)
    EXTI4_IRQHandler                         0x080074c7   Thumb Code     0  startup_stm32f10x_md.o(.text)
    EXTI9_5_IRQHandler                       0x080074c7   Thumb Code     0  startup_stm32f10x_md.o(.text)
    FLASH_IRQHandler                         0x080074c7   Thumb Code     0  startup_stm32f10x_md.o(.text)
    PVD_IRQHandler                           0x080074c7   Thumb Code     0  startup_stm32f10x_md.o(.text)
    RCC_IRQHandler                           0x080074c7   Thumb Code     0  startup_stm32f10x_md.o(.text)
    RTCAlarm_IRQHandler                      0x080074c7   Thumb Code     0  startup_stm32f10x_md.o(.text)
    RTC_IRQHandler                           0x080074c7   Thumb Code     0  startup_stm32f10x_md.o(.text)
    SPI1_IRQHandler                          0x080074c7   Thumb Code     0  startup_stm32f10x_md.o(.text)
    SPI2_IRQHandler                          0x080074c7   Thumb Code     0  startup_stm32f10x_md.o(.text)
    TAMPER_IRQHandler                        0x080074c7   Thumb Code     0  startup_stm32f10x_md.o(.text)
    TIM1_BRK_IRQHandler                      0x080074c7   Thumb Code     0  startup_stm32f10x_md.o(.text)
    TIM1_CC_IRQHandler                       0x080074c7   Thumb Code     0  startup_stm32f10x_md.o(.text)
    TIM1_TRG_COM_IRQHandler                  0x080074c7   Thumb Code     0  startup_stm32f10x_md.o(.text)
    TIM1_UP_IRQHandler                       0x080074c7   Thumb Code     0  startup_stm32f10x_md.o(.text)
    TIM4_IRQHandler                          0x080074c7   Thumb Code     0  startup_stm32f10x_md.o(.text)
    USART1_IRQHandler                        0x080074c7   Thumb Code     0  startup_stm32f10x_md.o(.text)
    USART3_IRQHandler                        0x080074c7   Thumb Code     0  startup_stm32f10x_md.o(.text)
    USBWakeUp_IRQHandler                     0x080074c7   Thumb Code     0  startup_stm32f10x_md.o(.text)
    USB_HP_CAN1_TX_IRQHandler                0x080074c7   Thumb Code     0  startup_stm32f10x_md.o(.text)
    USB_LP_CAN1_RX0_IRQHandler               0x080074c7   Thumb Code     0  startup_stm32f10x_md.o(.text)
    WWDG_IRQHandler                          0x080074c7   Thumb Code     0  startup_stm32f10x_md.o(.text)
    toupper                                  0x080074f1   Thumb Code    12  toupper.o(.text)
    bsearch                                  0x080074fd   Thumb Code    70  bsearch.o(.text)
    __aeabi_memcpy                           0x08007543   Thumb Code    36  memcpya.o(.text)
    __aeabi_memcpy4                          0x08007543   Thumb Code     0  memcpya.o(.text)
    __aeabi_memcpy8                          0x08007543   Thumb Code     0  memcpya.o(.text)
    __aeabi_memset                           0x08007567   Thumb Code    14  memseta.o(.text)
    __aeabi_memset4                          0x08007567   Thumb Code     0  memseta.o(.text)
    __aeabi_memset8                          0x08007567   Thumb Code     0  memseta.o(.text)
    __aeabi_memclr                           0x08007575   Thumb Code     4  memseta.o(.text)
    __aeabi_memclr4                          0x08007575   Thumb Code     0  memseta.o(.text)
    __aeabi_memclr8                          0x08007575   Thumb Code     0  memseta.o(.text)
    _memset$wrapper                          0x08007579   Thumb Code    20  memseta.o(.text)
    strstr                                   0x0800758d   Thumb Code    44  strstr.o(.text)
    strchr                                   0x080075b9   Thumb Code    18  strchr.o(.text)
    strlen                                   0x080075cb   Thumb Code    16  strlen.o(.text)
    strncasecmp                              0x080075db   Thumb Code    50  strncasecmp.o(.text)
    atoi                                     0x0800760d   Thumb Code    26  atoi.o(.text)
    __aeabi_fadd                             0x08007627   Thumb Code   164  fadd.o(.text)
    __aeabi_fsub                             0x080076cb   Thumb Code     6  fadd.o(.text)
    __aeabi_frsub                            0x080076d1   Thumb Code     6  fadd.o(.text)
    __aeabi_fmul                             0x080076d7   Thumb Code   108  fmul.o(.text)
    __aeabi_fdiv                             0x08007743   Thumb Code   128  fdiv.o(.text)
    __aeabi_dadd                             0x080077c3   Thumb Code   320  dadd.o(.text)
    __aeabi_dsub                             0x08007903   Thumb Code     6  dadd.o(.text)
    __aeabi_drsub                            0x08007909   Thumb Code     6  dadd.o(.text)
    __aeabi_dmul                             0x0800790f   Thumb Code   224  dmul.o(.text)
    __aeabi_ddiv                             0x080079ef   Thumb Code   222  ddiv.o(.text)
    __aeabi_i2f                              0x08007acd   Thumb Code    18  fflti.o(.text)
    __aeabi_ui2f                             0x08007adf   Thumb Code    10  ffltui.o(.text)
    __aeabi_i2d                              0x08007ae9   Thumb Code    34  dflti.o(.text)
    __aeabi_ui2d                             0x08007b0b   Thumb Code    26  dfltui.o(.text)
    __aeabi_f2iz                             0x08007b25   Thumb Code    50  ffixi.o(.text)
    __aeabi_f2uiz                            0x08007b57   Thumb Code    40  ffixui.o(.text)
    __aeabi_d2iz                             0x08007b7f   Thumb Code    62  dfixi.o(.text)
    __aeabi_d2uiz                            0x08007bbd   Thumb Code    46  dfixui.o(.text)
    __aeabi_f2d                              0x08007beb   Thumb Code    44  f2d.o(.text)
    __aeabi_d2f                              0x08007c17   Thumb Code    56  d2f.o(.text)
    __aeabi_cfcmpeq                          0x08007c51   Thumb Code     0  cfcmple.o(.text)
    __aeabi_cfcmple                          0x08007c51   Thumb Code    20  cfcmple.o(.text)
    __aeabi_cfrcmple                         0x08007c65   Thumb Code    20  cfrcmple.o(.text)
    __aeabi_llsl                             0x08007c79   Thumb Code    30  llshl.o(.text)
    _ll_shift_l                              0x08007c79   Thumb Code     0  llshl.o(.text)
    __aeabi_llsr                             0x08007c97   Thumb Code    32  llushr.o(.text)
    _ll_ushift_r                             0x08007c97   Thumb Code     0  llushr.o(.text)
    __aeabi_lasr                             0x08007cb7   Thumb Code    36  llsshr.o(.text)
    _ll_sshift_r                             0x08007cb7   Thumb Code     0  llsshr.o(.text)
    tolower                                  0x08007cdb   Thumb Code    12  tolower.o(.text)
    strtol                                   0x08007ce7   Thumb Code   112  strtol.o(.text)
    __I$use$fp                               0x08007d57   Thumb Code     0  iusefp.o(.text)
    _float_round                             0x08007d57   Thumb Code    18  fepilogue.o(.text)
    _float_epilogue                          0x08007d69   Thumb Code    90  fepilogue.o(.text)
    __ARM_scalbnf                            0x08007dc3   Thumb Code    24  fscalb.o(.text)
    scalbnf                                  0x08007dc3   Thumb Code     0  fscalb.o(.text)
    _fsqrt                                   0x08007ddb   Thumb Code    94  fsqrt.o(.text)
    _frnd                                    0x08007e39   Thumb Code    60  frnd.o(.text)
    _double_round                            0x08007e75   Thumb Code    26  depilogue.o(.text)
    _double_epilogue                         0x08007e8f   Thumb Code   164  depilogue.o(.text)
    __ARM_scalbn                             0x08007f33   Thumb Code    46  dscalb.o(.text)
    scalbn                                   0x08007f33   Thumb Code     0  dscalb.o(.text)
    __aeabi_cdrcmple                         0x08007f61   Thumb Code    38  cdrcmple.o(.text)
    __scatterload                            0x08007f89   Thumb Code    28  init.o(.text)
    __scatterload_rt2                        0x08007f89   Thumb Code     0  init.o(.text)
    __rt_ctype_table                         0x08007fad   Thumb Code     4  ctype_o.o(.text)
    _strtoul                                 0x08007fb5   Thumb Code   158  _strtoul.o(.text)
    _dsqrt                                   0x08008053   Thumb Code   162  dsqrt.o(.text)
    _chval                                   0x080080f5   Thumb Code    28  _chval.o(.text)
    __decompress                             0x08008111   Thumb Code     0  __dczerorl2.o(.text)
    __decompress1                            0x08008111   Thumb Code    92  __dczerorl2.o(.text)
    __ARM_fpclassify                         0x0800816d   Thumb Code    40  fpclassify.o(i.__ARM_fpclassify)
    __ARM_fpclassifyf                        0x08008195   Thumb Code    38  fpclassifyf.o(i.__ARM_fpclassifyf)
    __aeabi_errno_addr                       0x080081bd   Thumb Code     4  errno.o(i.__aeabi_errno_addr)
    __rt_errno_addr                          0x080081bd   Thumb Code     0  errno.o(i.__aeabi_errno_addr)
    __kernel_poly                            0x080081c5   Thumb Code   170  poly.o(i.__kernel_poly)
    __mathlib_dbl_underflow                  0x08008271   Thumb Code    10  dunder.o(i.__mathlib_dbl_underflow)
    __mathlib_flt_underflow                  0x08008281   Thumb Code    10  funder.o(i.__mathlib_flt_underflow)
    __mathlib_rredf2                         0x0800828d   Thumb Code   328  rredf.o(i.__mathlib_rredf2)
    __scatterload_copy                       0x080083e5   Thumb Code    14  handlers.o(i.__scatterload_copy)
    __scatterload_null                       0x080083f3   Thumb Code     2  handlers.o(i.__scatterload_null)
    __scatterload_zeroinit                   0x080083f5   Thumb Code    14  handlers.o(i.__scatterload_zeroinit)
    __set_errno                              0x08008405   Thumb Code     6  errno.o(i.__set_errno)
    atan2f                                   0x08008411   Thumb Code   520  atan2f.o(i.atan2f)
    cosf                                     0x08008665   Thumb Code   332  cosf.o(i.cosf)
    pow                                      0x080087e5   Thumb Code  2522  pow.o(i.pow)
    sinf                                     0x080091d1   Thumb Code   342  sinf.o(i.sinf)
    sqrt                                     0x0800935d   Thumb Code    76  sqrt.o(i.sqrt)
    sqrtf                                    0x080093a9   Thumb Code    44  sqrtf.o(i.sqrtf)
    cmdTable                                 0x080093d4   Data         120  cli.o(.constdata)
    valueTable                               0x0800944c   Data         880  cli.o(.constdata)
    rcChannelLetters                         0x080097bc   Data           9  config.o(.constdata)
    __mathlib_zero                           0x08009858   Data           8  qnan.o(.constdata)
    __ctype_table                            0x08009880   Data         129  ctype_o.o(.constdata)
    Region$$Table$$Base                      0x08009cd4   Number         0  anon$$obj.o(Region$$Table)
    Region$$Table$$Limit                     0x08009cf4   Number         0  anon$$obj.o(Region$$Table)
    mixerNames                               0x20000004   Data          72  cli.o(.data)
    featureNames                             0x2000004c   Data          44  cli.o(.data)
    sensorNames                              0x20000078   Data          24  cli.o(.data)
    smallAngle25                             0x20000098   Data           1  imu.o(.data)
    acc_25deg                                0x2000009a   Data           2  imu.o(.data)
    BaroPID                                  0x2000009c   Data           2  imu.o(.data)
    errorAltitudeI                           0x2000009e   Data           2  imu.o(.data)
    angle                                    0x200000a6   Data           4  imu.o(.data)
    BaroAlt                                  0x200000b8   Data           4  imu.o(.data)
    EstAlt                                   0x200000bc   Data           4  imu.o(.data)
    AltHold                                  0x200000c0   Data           4  imu.o(.data)
    gyroData                                 0x200000c4   Data           6  imu.o(.data)
    gyroADC                                  0x200000dc   Data           6  imu.o(.data)
    accADC                                   0x200000e2   Data           6  imu.o(.data)
    accSmooth                                0x200000e8   Data           6  imu.o(.data)
    magADC                                   0x200000ee   Data           6  imu.o(.data)
    gyroZero                                 0x200000f4   Data           6  imu.o(.data)
    useServo                                 0x200000fd   Data           1  mixer.o(.data)
    servo                                    0x20000104   Data          16  mixer.o(.data)
    buzzerState                              0x20000114   Data           1  mw.o(.data)
    GPSModeHome                              0x20000115   Data           1  mw.o(.data)
    GPSModeHold                              0x20000116   Data           1  mw.o(.data)
    headFreeMode                             0x20000117   Data           1  mw.o(.data)
    passThruMode                             0x20000118   Data           1  mw.o(.data)
    armed                                    0x20000119   Data           1  mw.o(.data)
    okToArm                                  0x2000011a   Data           1  mw.o(.data)
    accMode                                  0x2000011b   Data           1  mw.o(.data)
    magMode                                  0x2000011c   Data           1  mw.o(.data)
    baroMode                                 0x2000011d   Data           1  mw.o(.data)
    GPS_fix_home                             0x2000011e   Data           1  mw.o(.data)
    vbat                                     0x20000125   Data           1  mw.o(.data)
    cycleTime                                0x20000126   Data           2  mw.o(.data)
    failsafeCnt                              0x20000128   Data           2  mw.o(.data)
    GPS_directionToHome                      0x2000012a   Data           2  mw.o(.data)
    InflightcalibratingA                     0x2000012c   Data           2  mw.o(.data)
    AccInflightCalibrationMeasurementDone    0x2000012e   Data           2  mw.o(.data)
    AccInflightCalibrationSavetoEEProm       0x20000130   Data           2  mw.o(.data)
    headFreeModeHold                         0x20000134   Data           2  mw.o(.data)
    GPS_distanceToHome                       0x20000136   Data           2  mw.o(.data)
    GPS_distanceToHold                       0x20000138   Data           2  mw.o(.data)
    GPS_directionToHold                      0x2000013a   Data           2  mw.o(.data)
    AccInflightCalibrationArmed              0x2000013c   Data           2  mw.o(.data)
    batteryWarningVoltage                    0x2000013e   Data           2  mw.o(.data)
    dynP8                                    0x20000140   Data           3  mw.o(.data)
    dynD8                                    0x20000143   Data           3  mw.o(.data)
    currentTime                              0x20000148   Data           4  mw.o(.data)
    previousTime                             0x2000014c   Data           4  mw.o(.data)
    rcReadRawFunc                            0x20000150   Data           4  mw.o(.data)
    GPS_latitude                             0x2000016c   Data           4  mw.o(.data)
    GPS_longitude                            0x20000170   Data           4  mw.o(.data)
    GPS_latitude_hold                        0x20000174   Data           4  mw.o(.data)
    GPS_longitude_hold                       0x20000178   Data           4  mw.o(.data)
    GPS_angle                                0x2000017c   Data           4  mw.o(.data)
    axisPID                                  0x20000198   Data           6  mw.o(.data)
    rcCommand                                0x2000019e   Data           8  mw.o(.data)
    rcData                                   0x200001a6   Data          16  mw.o(.data)
    annex650_overrun_count                   0x200001b6   Data           2  mw.o(.data)
    GPS_update                               0x200001b8   Data           1  mw.o(.data)
    AccInflightCalibrationActive             0x200001ba   Data           2  mw.o(.data)
    batteryCellCount                         0x200001bc   Data           1  mw.o(.data)
    debug2                                   0x200001be   Data           2  mw.o(.data)
    debug3                                   0x200001c0   Data           2  mw.o(.data)
    debug4                                   0x200001c2   Data           2  mw.o(.data)
    GPS_latitude_home                        0x200001c4   Data           4  mw.o(.data)
    GPS_longitude_home                       0x200001c8   Data           4  mw.o(.data)
    GPS_fix                                  0x200001cc   Data           1  mw.o(.data)
    GPS_numSat                               0x200001cd   Data           1  mw.o(.data)
    GPS_altitude                             0x200001ce   Data           2  mw.o(.data)
    GPS_speed                                0x200001d0   Data           2  mw.o(.data)
    intPowerMeterSum                         0x200001d2   Data           2  mw.o(.data)
    intPowerTrigger1                         0x200001d4   Data           2  mw.o(.data)
    calibratedACC                            0x200001d6   Data           1  sensors.o(.data)
    calibratingM                             0x200001d8   Data           1  sensors.o(.data)
    calibratingA                             0x200001dc   Data           2  sensors.o(.data)
    calibratingG                             0x200001de   Data           2  sensors.o(.data)
    acc_1G                                   0x200001e0   Data           2  sensors.o(.data)
    heading                                  0x20000224   Data           2  sensors.o(.data)
    magHold                                  0x20000226   Data           2  sensors.o(.data)
    cliMode                                  0x20000228   Data           1  serial.o(.data)
    rxDMAPos                                 0x200002e8   Data           4  drv_uart.o(.data)
    txBufferTail                             0x200002ec   Data           4  drv_uart.o(.data)
    txBufferHead                             0x200002f0   Data           4  drv_uart.o(.data)
    uart2Callback                            0x200002f4   Data           4  drv_uart.o(.data)
    SystemCoreClock                          0x200002fc   Data           4  system_stm32f10x.o(.data)
    AHBPrescTable                            0x20000300   Data          16  system_stm32f10x.o(.data)
    cfg                                      0x20000348   Data         152  config.o(.bss)
    motor                                    0x20000448   Data          16  mixer.o(.bss)
    lookupRX                                 0x200004b8   Data          14  mw.o(.bss)
    rcOptions                                0x200004c6   Data          11  mw.o(.bss)
    acc                                      0x200004f8   Data          12  sensors.o(.bss)
    gyro                                     0x20000504   Data          12  sensors.o(.bss)
    spekFrame                                0x2000053c   Data          16  spektrum.o(.bss)
    rxBuffer                                 0x200005be   Data         256  drv_uart.o(.bss)
    txBuffer                                 0x200006be   Data         256  drv_uart.o(.bss)
    __initial_sp                             0x200017c0   Data           0  startup_stm32f10x_md.o(STACK)



==============================================================================

Memory Map of the image

  Image Entry point : 0x080000ed

  Load Region LR_IROM1 (Base: 0x08000000, Size: 0x0000a01c, Max: 0x00010000, ABSOLUTE, COMPRESSED[0x00009ddc])

    Execution Region ER_IROM1 (Base: 0x08000000, Size: 0x00009cf4, Max: 0x00010000, ABSOLUTE)

    Base Addr    Size         Type   Attr      Idx    E Section Name        Object

    0x08000000   0x000000ec   Data   RO          643    RESET               startup_stm32f10x_md.o
    0x080000ec   0x00000000   Code   RO          690  * .ARM.Collect$$$$00000000  mc_w.l(entry.o)
    0x080000ec   0x00000004   Code   RO          771    .ARM.Collect$$$$00000001  mc_w.l(entry2.o)
    0x080000f0   0x00000004   Code   RO          774    .ARM.Collect$$$$00000004  mc_w.l(entry5.o)
    0x080000f4   0x00000000   Code   RO          776    .ARM.Collect$$$$00000008  mc_w.l(entry7b.o)
    0x080000f4   0x00000008   Code   RO          777    .ARM.Collect$$$$00000009  mc_w.l(entry8.o)
    0x080000fc   0x00000004   Code   RO          772    .ARM.Collect$$$$00002712  mc_w.l(entry2.o)
    0x08000100   0x00000a14   Code   RO            1    .text               cli.o
    0x08000b14   0x000002b8   Code   RO          138    .text               config.o
    0x08000dcc   0x00000524   Code   RO          160    .text               imu.o
    0x080012f0   0x000001a8   Code   RO          181    .text               main.o
    0x08001498   0x000007ec   Code   RO          194    .text               mixer.o
    0x08001c84   0x00000e1c   Code   RO          215    .text               mw.o
    0x08002aa0   0x00000684   Code   RO          257    .text               sensors.o
    0x08003124   0x000004ec   Code   RO          281    .text               serial.o
    0x08003610   0x000003dc   Code   RO          297    .text               gps.o
    0x080039ec   0x000000f4   Code   RO          311    .text               spektrum.o
    0x08003ae0   0x000000bc   Code   RO          328    .text               drv_adc.o
    0x08003b9c   0x000000b0   Code   RO          342    .text               drv_adxl345.o
    0x08003c4c   0x00000314   Code   RO          355    .text               drv_bmp085.o
    0x08003f60   0x000000a4   Code   RO          371    .text               drv_hmc5883l.o
    0x08004004   0x000004f8   Code   RO          383    .text               drv_i2c.o
    0x080044fc   0x00000134   Code   RO          397    .text               drv_mpu3050.o
    0x08004630   0x000004cc   Code   RO          411    .text               drv_pwm.o
    0x08004afc   0x00000248   Code   RO          426    .text               drv_system.o
    0x08004d44   0x000002b0   Code   RO          445    .text               drv_uart.o
    0x08004ff4   0x00000108   Code   RO          462    .text               drv_ledring.o
    0x080050fc   0x00000168   Code   RO          475    .text               drv_mpu6050.o
    0x08005264   0x00000140   Code   RO          499    .text               system_stm32f10x.o
    0x080053a4   0x000000b0   Code   RO          517    .text               misc.o
    0x08005454   0x00000324   Code   RO          529    .text               stm32f10x_adc.o
    0x08005778   0x000001c8   Code   RO          541    .text               stm32f10x_dma.o
    0x08005940   0x000000e8   Code   RO          553    .text               stm32f10x_exti.o
    0x08005a28   0x00000310   Code   RO          565    .text               stm32f10x_i2c.o
    0x08005d38   0x000002bc   Code   RO          577    .text               stm32f10x_rcc.o
    0x08005ff4   0x00000a66   Code   RO          591    .text               stm32f10x_tim.o
    0x08006a5a   0x00000002   PAD
    0x08006a5c   0x00000330   Code   RO          604    .text               stm32f10x_usart.o
    0x08006d8c   0x0000026c   Code   RO          616    .text               stm32f10x_gpio.o
    0x08006ff8   0x0000047c   Code   RO          628    .text               stm32f10x_flash.o
    0x08007474   0x0000007c   Code   RO          644    .text               startup_stm32f10x_md.o
    0x080074f0   0x0000000c   Code   RO          693    .text               mc_w.l(toupper.o)
    0x080074fc   0x00000046   Code   RO          695    .text               mc_w.l(bsearch.o)
    0x08007542   0x00000024   Code   RO          697    .text               mc_w.l(memcpya.o)
    0x08007566   0x00000026   Code   RO          699    .text               mc_w.l(memseta.o)
    0x0800758c   0x0000002c   Code   RO          701    .text               mc_w.l(strstr.o)
    0x080075b8   0x00000012   Code   RO          703    .text               mc_w.l(strchr.o)
    0x080075ca   0x00000010   Code   RO          705    .text               mc_w.l(strlen.o)
    0x080075da   0x00000032   Code   RO          709    .text               mc_w.l(strncasecmp.o)
    0x0800760c   0x0000001a   Code   RO          711    .text               mc_w.l(atoi.o)
    0x08007626   0x000000b0   Code   RO          713    .text               mf_w.l(fadd.o)
    0x080076d6   0x0000006c   Code   RO          715    .text               mf_w.l(fmul.o)
    0x08007742   0x00000080   Code   RO          717    .text               mf_w.l(fdiv.o)
    0x080077c2   0x0000014c   Code   RO          719    .text               mf_w.l(dadd.o)
    0x0800790e   0x000000e0   Code   RO          721    .text               mf_w.l(dmul.o)
    0x080079ee   0x000000de   Code   RO          723    .text               mf_w.l(ddiv.o)
    0x08007acc   0x00000012   Code   RO          725    .text               mf_w.l(fflti.o)
    0x08007ade   0x0000000a   Code   RO          727    .text               mf_w.l(ffltui.o)
    0x08007ae8   0x00000022   Code   RO          729    .text               mf_w.l(dflti.o)
    0x08007b0a   0x0000001a   Code   RO          731    .text               mf_w.l(dfltui.o)
    0x08007b24   0x00000032   Code   RO          733    .text               mf_w.l(ffixi.o)
    0x08007b56   0x00000028   Code   RO          735    .text               mf_w.l(ffixui.o)
    0x08007b7e   0x0000003e   Code   RO          737    .text               mf_w.l(dfixi.o)
    0x08007bbc   0x0000002e   Code   RO          739    .text               mf_w.l(dfixui.o)
    0x08007bea   0x0000002c   Code   RO          741    .text               mf_w.l(f2d.o)
    0x08007c16   0x00000038   Code   RO          743    .text               mf_w.l(d2f.o)
    0x08007c4e   0x00000002   PAD
    0x08007c50   0x00000014   Code   RO          745    .text               mf_w.l(cfcmple.o)
    0x08007c64   0x00000014   Code   RO          747    .text               mf_w.l(cfrcmple.o)
    0x08007c78   0x0000001e   Code   RO          778    .text               mc_w.l(llshl.o)
    0x08007c96   0x00000020   Code   RO          780    .text               mc_w.l(llushr.o)
    0x08007cb6   0x00000024   Code   RO          782    .text               mc_w.l(llsshr.o)
    0x08007cda   0x0000000c   Code   RO          784    .text               mc_w.l(tolower.o)
    0x08007ce6   0x00000070   Code   RO          793    .text               mc_w.l(strtol.o)
    0x08007d56   0x00000000   Code   RO          795    .text               mc_w.l(iusefp.o)
    0x08007d56   0x0000006c   Code   RO          796    .text               mf_w.l(fepilogue.o)
    0x08007dc2   0x00000018   Code   RO          798    .text               mf_w.l(fscalb.o)
    0x08007dda   0x0000005e   Code   RO          800    .text               mf_w.l(fsqrt.o)
    0x08007e38   0x0000003c   Code   RO          802    .text               mf_w.l(frnd.o)
    0x08007e74   0x000000be   Code   RO          804    .text               mf_w.l(depilogue.o)
    0x08007f32   0x0000002e   Code   RO          806    .text               mf_w.l(dscalb.o)
    0x08007f60   0x00000028   Code   RO          808    .text               mf_w.l(cdrcmple.o)
    0x08007f88   0x00000024   Code   RO          810    .text               mc_w.l(init.o)
    0x08007fac   0x00000008   Code   RO          812    .text               mc_w.l(ctype_o.o)
    0x08007fb4   0x0000009e   Code   RO          840    .text               mc_w.l(_strtoul.o)
    0x08008052   0x000000a2   Code   RO          842    .text               mf_w.l(dsqrt.o)
    0x080080f4   0x0000001c   Code   RO          846    .text               mc_w.l(_chval.o)
    0x08008110   0x0000005c   Code   RO          856    .text               mc_w.l(__dczerorl2.o)
    0x0800816c   0x00000028   Code   RO          751    i.__ARM_fpclassify  m_ws.l(fpclassify.o)
    0x08008194   0x00000026   Code   RO          753    i.__ARM_fpclassifyf  m_ws.l(fpclassifyf.o)
    0x080081ba   0x00000002   PAD
    0x080081bc   0x00000008   Code   RO          786    i.__aeabi_errno_addr  mc_w.l(errno.o)
    0x080081c4   0x000000aa   Code   RO          757    i.__kernel_poly     m_ws.l(poly.o)
    0x0800826e   0x00000002   PAD
    0x08008270   0x00000010   Code   RO          749    i.__mathlib_dbl_underflow  m_ws.l(dunder.o)
    0x08008280   0x0000000a   Code   RO          755    i.__mathlib_flt_underflow  m_ws.l(funder.o)
    0x0800828a   0x00000002   PAD
    0x0800828c   0x00000158   Code   RO          760    i.__mathlib_rredf2  m_ws.l(rredf.o)
    0x080083e4   0x0000000e   Code   RO          850    i.__scatterload_copy  mc_w.l(handlers.o)
    0x080083f2   0x00000002   Code   RO          851    i.__scatterload_null  mc_w.l(handlers.o)
    0x080083f4   0x0000000e   Code   RO          852    i.__scatterload_zeroinit  mc_w.l(handlers.o)
    0x08008402   0x00000002   PAD
    0x08008404   0x0000000c   Code   RO          788    i.__set_errno       mc_w.l(errno.o)
    0x08008410   0x00000254   Code   RO          649    i.atan2f            m_ws.l(atan2f.o)
    0x08008664   0x00000180   Code   RO          657    i.cosf              m_ws.l(cosf.o)
    0x080087e4   0x000009ec   Code   RO          665    i.pow               m_ws.l(pow.o)
    0x080091d0   0x0000018c   Code   RO          675    i.sinf              m_ws.l(sinf.o)
    0x0800935c   0x0000004c   Code   RO          764    i.sqrt              m_ws.l(sqrt.o)
    0x080093a8   0x0000002c   Code   RO          683    i.sqrtf             m_ws.l(sqrtf.o)
    0x080093d4   0x000003e8   Data   RO            3    .constdata          cli.o
    0x080097bc   0x00000009   Data   RO          140    .constdata          config.o
    0x080097c5   0x00000007   Data   RO          313    .constdata          spektrum.o
    0x080097cc   0x00000004   PAD
    0x080097d0   0x00000088   Data   RO          666    .constdata          m_ws.l(pow.o)
    0x08009858   0x00000008   Data   RO          759    .constdata          m_ws.l(qnan.o)
    0x08009860   0x00000020   Data   RO          761    .constdata          m_ws.l(rredf.o)
    0x08009880   0x00000081   Data   RO          813    .constdata          mc_w.l(ctype_o.o)
    0x08009901   0x00000003   PAD
    0x08009904   0x00000004   Data   RO          814    .constdata          mc_w.l(ctype_o.o)
    0x08009908   0x000003ca   Data   RO            4    .conststring        cli.o
    0x08009cd2   0x00000002   PAD
    0x08009cd4   0x00000020   Data   RO          848    Region$$Table       anon$$obj.o


    Execution Region RW_IRAM1 (Base: 0x20000000, Size: 0x000017c0, Max: 0x00005000, ABSOLUTE, COMPRESSED[0x000000e8])

    Base Addr    Size         Type   Attr      Idx    E Section Name        Object

    0x20000000   0x00000090   Data   RW            5    .data               cli.o
    0x20000090   0x00000008   Data   RW          141    .data               config.o
    0x20000098   0x0000005c   Data   RW          162    .data               imu.o
    0x200000f4   0x00000006   Data   RW          163    .data               imu.o
    0x200000fa   0x00000002   PAD
    0x200000fc   0x00000018   Data   RW          196    .data               mixer.o
    0x20000114   0x000000a2   Data   RW          218    .data               mw.o
    0x200001b6   0x00000002   Data   RW          219    .data               mw.o
    0x200001b8   0x00000001   Data   RW          221    .data               mw.o
    0x200001b9   0x00000001   PAD
    0x200001ba   0x00000002   Data   RW          222    .data               mw.o
    0x200001bc   0x00000001   Data   RW          224    .data               mw.o
    0x200001bd   0x00000001   PAD
    0x200001be   0x00000002   Data   RW          226    .data               mw.o
    0x200001c0   0x00000002   Data   RW          227    .data               mw.o
    0x200001c2   0x00000002   Data   RW          228    .data               mw.o
    0x200001c4   0x00000004   Data   RW          230    .data               mw.o
    0x200001c8   0x00000004   Data   RW          231    .data               mw.o
    0x200001cc   0x00000001   Data   RW          232    .data               mw.o
    0x200001cd   0x00000001   Data   RW          233    .data               mw.o
    0x200001ce   0x00000002   Data   RW          234    .data               mw.o
    0x200001d0   0x00000002   Data   RW          235    .data               mw.o
    0x200001d2   0x00000002   Data   RW          238    .data               mw.o
    0x200001d4   0x00000002   Data   RW          239    .data               mw.o
    0x200001d6   0x00000001   Data   RW          259    .data               sensors.o
    0x200001d7   0x00000001   PAD
    0x200001d8   0x0000004c   Data   RW          260    .data               sensors.o
    0x20000224   0x00000002   Data   RW          261    .data               sensors.o
    0x20000226   0x00000002   Data   RW          262    .data               sensors.o
    0x20000228   0x00000001   Data   RW          282    .data               serial.o
    0x20000229   0x00000005   Data   RW          299    .data               gps.o
    0x2000022e   0x00000002   PAD
    0x20000230   0x00000010   Data   RW          314    .data               spektrum.o
    0x20000240   0x00000002   Data   RW          329    .data               drv_adc.o
    0x20000242   0x00000006   Data   RW          343    .data               drv_adxl345.o
    0x20000248   0x00000008   Data   RW          357    .data               drv_bmp085.o
    0x20000250   0x00000018   Data   RW          384    .data               drv_i2c.o
    0x20000268   0x00000001   Data   RW          398    .data               drv_mpu3050.o
    0x20000269   0x00000003   PAD
    0x2000026c   0x00000070   Data   RW          413    .data               drv_pwm.o
    0x200002dc   0x0000000c   Data   RW          427    .data               drv_system.o
    0x200002e8   0x00000010   Data   RW          447    .data               drv_uart.o
    0x200002f8   0x00000001   Data   RW          463    .data               drv_ledring.o
    0x200002f9   0x00000003   PAD
    0x200002fc   0x00000014   Data   RW          500    .data               system_stm32f10x.o
    0x20000310   0x00000014   Data   RW          578    .data               stm32f10x_rcc.o
    0x20000324   0x00000004   Data   RW          789    .data               mc_w.l(errno.o)
    0x20000328   0x00000020   Zero   RW            2    .bss                cli.o
    0x20000348   0x00000098   Zero   RW          139    .bss                config.o
    0x200003e0   0x00000068   Zero   RW          161    .bss                imu.o
    0x20000448   0x00000010   Zero   RW          195    .bss                mixer.o
    0x20000458   0x00000079   Zero   RW          216    .bss                mw.o
    0x200004d1   0x00000003   PAD
    0x200004d4   0x0000003c   Zero   RW          258    .bss                sensors.o
    0x20000510   0x0000000f   Zero   RW          298    .bss                gps.o
    0x2000051f   0x00000001   PAD
    0x20000520   0x0000002c   Zero   RW          312    .bss                spektrum.o
    0x2000054c   0x00000028   Zero   RW          356    .bss                drv_bmp085.o
    0x20000574   0x0000004a   Zero   RW          412    .bss                drv_pwm.o
    0x200005be   0x00000200   Zero   RW          446    .bss                drv_uart.o
    0x200007be   0x00000002   PAD
    0x200007c0   0x00001000   Zero   RW          641    STACK               startup_stm32f10x_md.o


==============================================================================

Image component sizes


      Code (inc. data)   RO Data    RW Data    ZI Data      Debug   Object Name

      2580        872       1970        144         32     294836   cli.o
       696         36          9          8        152       8838   config.o
         0          0          0          0          0         32   core_cm3.o
       188         12          0          2          0       1024   drv_adc.o
       176         22          0          6          0       1672   drv_adxl345.o
       788         12          0          8         40       4808   drv_bmp085.o
       164          0          0          0          0       1213   drv_hmc5883l.o
      1272         22          0         24          0       4229   drv_i2c.o
       264         18          0          1          0        890   drv_ledring.o
       308         20          0          1          0       1878   drv_mpu3050.o
       360         30          0          0          0       4824   drv_mpu6050.o
      1228         44          0        112         74       3963   drv_pwm.o
       584         52          0         12          0      17776   drv_system.o
       688         30          0         16        512       3297   drv_uart.o
       988        112          0          5         15       2942   gps.o
      1316         74          0         98        104       3989   imu.o
       424         38          0          0          0        931   main.o
       176         18          0          0          0       1761   misc.o
      2028         90          0         24         16       2845   mixer.o
      3612        184          0        192        121       8255   mw.o
      1668        182          0         81         60       4510   sensors.o
      1260        152          0          1          0       3130   serial.o
       244         20          7         16         44       1907   spektrum.o
       124         40        236          0       4096        812   startup_stm32f10x_md.o
       804         26          0          0          0      10929   stm32f10x_adc.o
       456         10          0          0          0       4538   stm32f10x_dma.o
       232          8          0          0          0       2251   stm32f10x_exti.o
      1148         22          0          0          0       9144   stm32f10x_flash.o
       620         40          0          0          0       5677   stm32f10x_gpio.o
       784         14          0          0          0       9303   stm32f10x_i2c.o
       700         40          0         20          0       8776   stm32f10x_rcc.o
      2662         84          0          0          0      22658   stm32f10x_tim.o
       816         20          0          0          0       8636   stm32f10x_usart.o
       320         32          0         20          0       1811   system_stm32f10x.o

    ----------------------------------------------------------------------
     29680       2376       2260        804       5272     464085   Object Totals
         0          0         32          0          0          0   (incl. Generated)
         2          0          6         13          6          0   (incl. Padding)

    ----------------------------------------------------------------------

      Code (inc. data)   RO Data    RW Data    ZI Data      Debug   Library Member Name

       596         76          0          0          0        116   atan2f.o
       384         52          0          0          0        116   cosf.o
        16          6          0          0          0         68   dunder.o
        40          0          0          0          0         68   fpclassify.o
        38          0          0          0          0         68   fpclassifyf.o
        10          0          0          0          0         68   funder.o
       170          0          0          0          0         96   poly.o
      2540        192        136          0          0        340   pow.o
         0          0          8          0          0          0   qnan.o
       344         16         32          0          0         88   rredf.o
       396         54          0          0          0        116   sinf.o
        76          0          0          0          0         84   sqrt.o
        44          0          0          0          0         80   sqrtf.o
        92          0          0          0          0          0   __dczerorl2.o
        28          0          0          0          0         68   _chval.o
       158          0          0          0          0         92   _strtoul.o
        26          0          0          0          0         80   atoi.o
        70          0          0          0          0         92   bsearch.o
         8          4        133          0          0         68   ctype_o.o
         0          0          0          0          0          0   entry.o
         8          4          0          0          0          0   entry2.o
         4          0          0          0          0          0   entry5.o
         0          0          0          0          0          0   entry7b.o
         8          4          0          0          0          0   entry8.o
        20         10          0          4          0        136   errno.o
        30          0          0          0          0          0   handlers.o
        36          8          0          0          0         68   init.o
         0          0          0          0          0          0   iusefp.o
        30          0          0          0          0         68   llshl.o
        36          0          0          0          0         68   llsshr.o
        32          0          0          0          0         68   llushr.o
        36          0          0          0          0         68   memcpya.o
        38          0          0          0          0        108   memseta.o
        18          0          0          0          0         68   strchr.o
        16          0          0          0          0         68   strlen.o
        50          0          0          0          0         84   strncasecmp.o
        44          0          0          0          0         80   strstr.o
       112          0          0          0          0         88   strtol.o
        12          0          0          0          0         68   tolower.o
        12          0          0          0          0         68   toupper.o
        40          2          0          0          0         68   cdrcmple.o
        20          0          0          0          0         68   cfcmple.o
        20          0          0          0          0         68   cfrcmple.o
        56          0          0          0          0         88   d2f.o
       332          0          0          0          0        148   dadd.o
       222          0          0          0          0        100   ddiv.o
       190          0          0          0          0        176   depilogue.o
        62          0          0          0          0         80   dfixi.o
        46          0          0          0          0         68   dfixui.o
        34          0          0          0          0         76   dflti.o
        26          0          0          0          0         76   dfltui.o
       224          0          0          0          0         96   dmul.o
        46          0          0          0          0         80   dscalb.o
       162          0          0          0          0        100   dsqrt.o
        44          0          0          0          0         68   f2d.o
       176          0          0          0          0        140   fadd.o
       128          0          0          0          0         88   fdiv.o
       108          0          0          0          0        168   fepilogue.o
        50          0          0          0          0         68   ffixi.o
        40          0          0          0          0         68   ffixui.o
        18          0          0          0          0         68   fflti.o
        10          0          0          0          0         68   ffltui.o
       108          0          0          0          0         76   fmul.o
        60          0          0          0          0         76   frnd.o
        24          0          0          0          0         68   fscalb.o
        94          0          0          0          0         96   fsqrt.o

    ----------------------------------------------------------------------
      7928        428        312          4          0       5160   Library Totals
        10          0          3          0          0          0   (incl. Padding)

    ----------------------------------------------------------------------

      Code (inc. data)   RO Data    RW Data    ZI Data      Debug   Library Name

      4654        396        176          0          0       1308   m_ws.l
       924         30        133          4          0       1508   mc_w.l
      2340          2          0          0          0       2344   mf_w.l

    ----------------------------------------------------------------------
      7928        428        312          4          0       5160   Library Totals

    ----------------------------------------------------------------------

==============================================================================


      Code (inc. data)   RO Data    RW Data    ZI Data      Debug   

     37608       2804       2572        808       5272     462069   Grand Totals
     37608       2804       2572        232       5272     462069   ELF Image Totals (compressed)
     37608       2804       2572        232          0          0   ROM Totals

==============================================================================

    Total RO  Size (Code + RO Data)                40180 (  39.24kB)
    Total RW  Size (RW Data + ZI Data)              6080 (   5.94kB)
    Total ROM Size (Code + RO Data + RW Data)      40412 (  39.46kB)

==============================================================================

